../Core/Src/main.c:80:5:main	32	static
../Core/Src/main.c:164:6:SystemClock_Config	120	static
../Core/Src/main.c:215:13:MX_I2C4_Init	8	static
../Core/Src/main.c:263:13:MX_USART1_UART_Init	8	static
../Core/Src/main.c:311:13:MX_GPIO_Init	16	static
../Core/Src/main.c:326:6:DS1307_SetTime	40	static
../Core/Src/main.c:335:6:DS1307_GetTime	48	static
../Core/Src/main.c:342:10:DECtoBCD	16	static
../Core/Src/main.c:346:10:BCDtoDEC	16	static
../Core/Src/main.c:356:6:Error_Handler	4	static,ignoring_inline_asm
