14:49:07 **** Incremental Build of configuration Debug for project STM32H747I-DISCO_CM7 ****
make all 
arm-none-eabi-g++ "C:/TouchGFXProjects/MultipleScreen/CM7/TouchGFX/gui/src/screen2_screen/Screen2Presenter.cpp" -mcpu=cortex-m7 -std=gnu++14 -g3 -DDEBUG -DCORE_CM7 -DUSE_HAL_DRIVER -DUSE_BPP=24 -DSTM32H747xx -DUSE_PWR_DIRECT_SMPS_SUPPLY -c -I../../../CM7/Core/Inc -I../../../CM7/TouchGFX/App -I../../../CM7/TouchGFX/target/generated -I../../../CM7/TouchGFX/target -I../../../Drivers/BSP/Components/Common -I../../../Drivers/BSP/STM32H747I-Discovery -I../../../Drivers/STM32H7xx_HAL_Driver/Inc -I../../../Drivers/STM32H7xx_HAL_Driver/Inc/Legacy -I../../../Middlewares/Third_Party/FreeRTOS/Source/include -I../../../Middlewares/Third_Party/FreeRTOS/Source/CMSIS_RTOS_V2 -I../../../Middlewares/Third_Party/FreeRTOS/Source/portable/GCC/ARM_CM4F -I../../../Drivers/CMSIS/Device/ST/STM32H7xx/Include -I../../../Drivers/CMSIS/Include -I../../../Drivers/BSP/Components -I../../../CM7/LIBJPEG/App -I../../../CM7/LIBJPEG/Target -I../../../Utilities/JPEG -I../../../Middlewares/Third_Party/LibJPEG/include -I../../CM7/../../CM7/Middlewares/ST/touchgfx/framework/include -I../../CM7/../../CM7/TouchGFX/generated/fonts/include -I../../CM7/../../CM7/TouchGFX/generated/gui_generated/include -I../../CM7/../../CM7/TouchGFX/generated/images/include -I../../CM7/../../CM7/TouchGFX/generated/texts/include -I../../CM7/../../CM7/TouchGFX/generated/videos/include -I../../CM7/../../CM7/TouchGFX/gui/include -Os -ffunction-sections -fdata-sections -fno-exceptions -fno-rtti -fno-use-cxa-atexit -Wall -femit-class-debug-always -fstack-usage -fcyclomatic-complexity -MMD -MP -MF"Application/User/gui/Screen2Presenter.d" -MT"Application/User/gui/Screen2Presenter.o" --specs=nano.specs -mfpu=fpv5-d16 -mfloat-abi=hard -mthumb -o "Application/User/gui/Screen2Presenter.o"
arm-none-eabi-g++ "C:/TouchGFXProjects/MultipleScreen/CM7/TouchGFX/gui/src/screen2_screen/Screen2View.cpp" -mcpu=cortex-m7 -std=gnu++14 -g3 -DDEBUG -DCORE_CM7 -DUSE_HAL_DRIVER -DUSE_BPP=24 -DSTM32H747xx -DUSE_PWR_DIRECT_SMPS_SUPPLY -c -I../../../CM7/Core/Inc -I../../../CM7/TouchGFX/App -I../../../CM7/TouchGFX/target/generated -I../../../CM7/TouchGFX/target -I../../../Drivers/BSP/Components/Common -I../../../Drivers/BSP/STM32H747I-Discovery -I../../../Drivers/STM32H7xx_HAL_Driver/Inc -I../../../Drivers/STM32H7xx_HAL_Driver/Inc/Legacy -I../../../Middlewares/Third_Party/FreeRTOS/Source/include -I../../../Middlewares/Third_Party/FreeRTOS/Source/CMSIS_RTOS_V2 -I../../../Middlewares/Third_Party/FreeRTOS/Source/portable/GCC/ARM_CM4F -I../../../Drivers/CMSIS/Device/ST/STM32H7xx/Include -I../../../Drivers/CMSIS/Include -I../../../Drivers/BSP/Components -I../../../CM7/LIBJPEG/App -I../../../CM7/LIBJPEG/Target -I../../../Utilities/JPEG -I../../../Middlewares/Third_Party/LibJPEG/include -I../../CM7/../../CM7/Middlewares/ST/touchgfx/framework/include -I../../CM7/../../CM7/TouchGFX/generated/fonts/include -I../../CM7/../../CM7/TouchGFX/generated/gui_generated/include -I../../CM7/../../CM7/TouchGFX/generated/images/include -I../../CM7/../../CM7/TouchGFX/generated/texts/include -I../../CM7/../../CM7/TouchGFX/generated/videos/include -I../../CM7/../../CM7/TouchGFX/gui/include -Os -ffunction-sections -fdata-sections -fno-exceptions -fno-rtti -fno-use-cxa-atexit -Wall -femit-class-debug-always -fstack-usage -fcyclomatic-complexity -MMD -MP -MF"Application/User/gui/Screen2View.d" -MT"Application/User/gui/Screen2View.o" --specs=nano.specs -mfpu=fpv5-d16 -mfloat-abi=hard -mthumb -o "Application/User/gui/Screen2View.o"
arm-none-eabi-g++ "C:/TouchGFXProjects/MultipleScreen/CM7/TouchGFX/generated/fonts/src/ApplicationFontProvider.cpp" -mcpu=cortex-m7 -std=gnu++14 -g3 -DDEBUG -DCORE_CM7 -DUSE_HAL_DRIVER -DUSE_BPP=24 -DSTM32H747xx -DUSE_PWR_DIRECT_SMPS_SUPPLY -c -I../../../CM7/Core/Inc -I../../../CM7/TouchGFX/App -I../../../CM7/TouchGFX/target/generated -I../../../CM7/TouchGFX/target -I../../../Drivers/BSP/Components/Common -I../../../Drivers/BSP/STM32H747I-Discovery -I../../../Drivers/STM32H7xx_HAL_Driver/Inc -I../../../Drivers/STM32H7xx_HAL_Driver/Inc/Legacy -I../../../Middlewares/Third_Party/FreeRTOS/Source/include -I../../../Middlewares/Third_Party/FreeRTOS/Source/CMSIS_RTOS_V2 -I../../../Middlewares/Third_Party/FreeRTOS/Source/portable/GCC/ARM_CM4F -I../../../Drivers/CMSIS/Device/ST/STM32H7xx/Include -I../../../Drivers/CMSIS/Include -I../../../Drivers/BSP/Components -I../../../CM7/LIBJPEG/App -I../../../CM7/LIBJPEG/Target -I../../../Utilities/JPEG -I../../../Middlewares/Third_Party/LibJPEG/include -I../../CM7/../../CM7/Middlewares/ST/touchgfx/framework/include -I../../CM7/../../CM7/TouchGFX/generated/fonts/include -I../../CM7/../../CM7/TouchGFX/generated/gui_generated/include -I../../CM7/../../CM7/TouchGFX/generated/images/include -I../../CM7/../../CM7/TouchGFX/generated/texts/include -I../../CM7/../../CM7/TouchGFX/generated/videos/include -I../../CM7/../../CM7/TouchGFX/gui/include -Os -ffunction-sections -fdata-sections -fno-exceptions -fno-rtti -fno-use-cxa-atexit -Wall -femit-class-debug-always -fstack-usage -fcyclomatic-complexity -MMD -MP -MF"Application/User/generated/ApplicationFontProvider.d" -MT"Application/User/generated/ApplicationFontProvider.o" --specs=nano.specs -mfpu=fpv5-d16 -mfloat-abi=hard -mthumb -o "Application/User/generated/ApplicationFontProvider.o"
arm-none-eabi-g++ "C:/TouchGFXProjects/MultipleScreen/CM7/TouchGFX/generated/images/src/BitmapDatabase.cpp" -mcpu=cortex-m7 -std=gnu++14 -g3 -DDEBUG -DCORE_CM7 -DUSE_HAL_DRIVER -DUSE_BPP=24 -DSTM32H747xx -DUSE_PWR_DIRECT_SMPS_SUPPLY -c -I../../../CM7/Core/Inc -I../../../CM7/TouchGFX/App -I../../../CM7/TouchGFX/target/generated -I../../../CM7/TouchGFX/target -I../../../Drivers/BSP/Components/Common -I../../../Drivers/BSP/STM32H747I-Discovery -I../../../Drivers/STM32H7xx_HAL_Driver/Inc -I../../../Drivers/STM32H7xx_HAL_Driver/Inc/Legacy -I../../../Middlewares/Third_Party/FreeRTOS/Source/include -I../../../Middlewares/Third_Party/FreeRTOS/Source/CMSIS_RTOS_V2 -I../../../Middlewares/Third_Party/FreeRTOS/Source/portable/GCC/ARM_CM4F -I../../../Drivers/CMSIS/Device/ST/STM32H7xx/Include -I../../../Drivers/CMSIS/Include -I../../../Drivers/BSP/Components -I../../../CM7/LIBJPEG/App -I../../../CM7/LIBJPEG/Target -I../../../Utilities/JPEG -I../../../Middlewares/Third_Party/LibJPEG/include -I../../CM7/../../CM7/Middlewares/ST/touchgfx/framework/include -I../../CM7/../../CM7/TouchGFX/generated/fonts/include -I../../CM7/../../CM7/TouchGFX/generated/gui_generated/include -I../../CM7/../../CM7/TouchGFX/generated/images/include -I../../CM7/../../CM7/TouchGFX/generated/texts/include -I../../CM7/../../CM7/TouchGFX/generated/videos/include -I../../CM7/../../CM7/TouchGFX/gui/include -Os -ffunction-sections -fdata-sections -fno-exceptions -fno-rtti -fno-use-cxa-atexit -Wall -femit-class-debug-always -fstack-usage -fcyclomatic-complexity -MMD -MP -MF"Application/User/generated/BitmapDatabase.d" -MT"Application/User/generated/BitmapDatabase.o" --specs=nano.specs -mfpu=fpv5-d16 -mfloat-abi=hard -mthumb -o "Application/User/generated/BitmapDatabase.o"
arm-none-eabi-g++ "C:/TouchGFXProjects/MultipleScreen/CM7/TouchGFX/generated/fonts/src/CachedFont.cpp" -mcpu=cortex-m7 -std=gnu++14 -g3 -DDEBUG -DCORE_CM7 -DUSE_HAL_DRIVER -DUSE_BPP=24 -DSTM32H747xx -DUSE_PWR_DIRECT_SMPS_SUPPLY -c -I../../../CM7/Core/Inc -I../../../CM7/TouchGFX/App -I../../../CM7/TouchGFX/target/generated -I../../../CM7/TouchGFX/target -I../../../Drivers/BSP/Components/Common -I../../../Drivers/BSP/STM32H747I-Discovery -I../../../Drivers/STM32H7xx_HAL_Driver/Inc -I../../../Drivers/STM32H7xx_HAL_Driver/Inc/Legacy -I../../../Middlewares/Third_Party/FreeRTOS/Source/include -I../../../Middlewares/Third_Party/FreeRTOS/Source/CMSIS_RTOS_V2 -I../../../Middlewares/Third_Party/FreeRTOS/Source/portable/GCC/ARM_CM4F -I../../../Drivers/CMSIS/Device/ST/STM32H7xx/Include -I../../../Drivers/CMSIS/Include -I../../../Drivers/BSP/Components -I../../../CM7/LIBJPEG/App -I../../../CM7/LIBJPEG/Target -I../../../Utilities/JPEG -I../../../Middlewares/Third_Party/LibJPEG/include -I../../CM7/../../CM7/Middlewares/ST/touchgfx/framework/include -I../../CM7/../../CM7/TouchGFX/generated/fonts/include -I../../CM7/../../CM7/TouchGFX/generated/gui_generated/include -I../../CM7/../../CM7/TouchGFX/generated/images/include -I../../CM7/../../CM7/TouchGFX/generated/texts/include -I../../CM7/../../CM7/TouchGFX/generated/videos/include -I../../CM7/../../CM7/TouchGFX/gui/include -Os -ffunction-sections -fdata-sections -fno-exceptions -fno-rtti -fno-use-cxa-atexit -Wall -femit-class-debug-always -fstack-usage -fcyclomatic-complexity -MMD -MP -MF"Application/User/generated/CachedFont.d" -MT"Application/User/generated/CachedFont.o" --specs=nano.specs -mfpu=fpv5-d16 -mfloat-abi=hard -mthumb -o "Application/User/generated/CachedFont.o"
arm-none-eabi-g++ "C:/TouchGFXProjects/MultipleScreen/CM7/TouchGFX/generated/fonts/src/FontCache.cpp" -mcpu=cortex-m7 -std=gnu++14 -g3 -DDEBUG -DCORE_CM7 -DUSE_HAL_DRIVER -DUSE_BPP=24 -DSTM32H747xx -DUSE_PWR_DIRECT_SMPS_SUPPLY -c -I../../../CM7/Core/Inc -I../../../CM7/TouchGFX/App -I../../../CM7/TouchGFX/target/generated -I../../../CM7/TouchGFX/target -I../../../Drivers/BSP/Components/Common -I../../../Drivers/BSP/STM32H747I-Discovery -I../../../Drivers/STM32H7xx_HAL_Driver/Inc -I../../../Drivers/STM32H7xx_HAL_Driver/Inc/Legacy -I../../../Middlewares/Third_Party/FreeRTOS/Source/include -I../../../Middlewares/Third_Party/FreeRTOS/Source/CMSIS_RTOS_V2 -I../../../Middlewares/Third_Party/FreeRTOS/Source/portable/GCC/ARM_CM4F -I../../../Drivers/CMSIS/Device/ST/STM32H7xx/Include -I../../../Drivers/CMSIS/Include -I../../../Drivers/BSP/Components -I../../../CM7/LIBJPEG/App -I../../../CM7/LIBJPEG/Target -I../../../Utilities/JPEG -I../../../Middlewares/Third_Party/LibJPEG/include -I../../CM7/../../CM7/Middlewares/ST/touchgfx/framework/include -I../../CM7/../../CM7/TouchGFX/generated/fonts/include -I../../CM7/../../CM7/TouchGFX/generated/gui_generated/include -I../../CM7/../../CM7/TouchGFX/generated/images/include -I../../CM7/../../CM7/TouchGFX/generated/texts/include -I../../CM7/../../CM7/TouchGFX/generated/videos/include -I../../CM7/../../CM7/TouchGFX/gui/include -Os -ffunction-sections -fdata-sections -fno-exceptions -fno-rtti -fno-use-cxa-atexit -Wall -femit-class-debug-always -fstack-usage -fcyclomatic-complexity -MMD -MP -MF"Application/User/generated/FontCache.d" -MT"Application/User/generated/FontCache.o" --specs=nano.specs -mfpu=fpv5-d16 -mfloat-abi=hard -mthumb -o "Application/User/generated/FontCache.o"
arm-none-eabi-g++ "C:/TouchGFXProjects/MultipleScreen/CM7/TouchGFX/generated/fonts/src/Font_verdana_10_4bpp_0.cpp" -mcpu=cortex-m7 -std=gnu++14 -g3 -DDEBUG -DCORE_CM7 -DUSE_HAL_DRIVER -DUSE_BPP=24 -DSTM32H747xx -DUSE_PWR_DIRECT_SMPS_SUPPLY -c -I../../../CM7/Core/Inc -I../../../CM7/TouchGFX/App -I../../../CM7/TouchGFX/target/generated -I../../../CM7/TouchGFX/target -I../../../Drivers/BSP/Components/Common -I../../../Drivers/BSP/STM32H747I-Discovery -I../../../Drivers/STM32H7xx_HAL_Driver/Inc -I../../../Drivers/STM32H7xx_HAL_Driver/Inc/Legacy -I../../../Middlewares/Third_Party/FreeRTOS/Source/include -I../../../Middlewares/Third_Party/FreeRTOS/Source/CMSIS_RTOS_V2 -I../../../Middlewares/Third_Party/FreeRTOS/Source/portable/GCC/ARM_CM4F -I../../../Drivers/CMSIS/Device/ST/STM32H7xx/Include -I../../../Drivers/CMSIS/Include -I../../../Drivers/BSP/Components -I../../../CM7/LIBJPEG/App -I../../../CM7/LIBJPEG/Target -I../../../Utilities/JPEG -I../../../Middlewares/Third_Party/LibJPEG/include -I../../CM7/../../CM7/Middlewares/ST/touchgfx/framework/include -I../../CM7/../../CM7/TouchGFX/generated/fonts/include -I../../CM7/../../CM7/TouchGFX/generated/gui_generated/include -I../../CM7/../../CM7/TouchGFX/generated/images/include -I../../CM7/../../CM7/TouchGFX/generated/texts/include -I../../CM7/../../CM7/TouchGFX/generated/videos/include -I../../CM7/../../CM7/TouchGFX/gui/include -Os -ffunction-sections -fdata-sections -fno-exceptions -fno-rtti -fno-use-cxa-atexit -Wall -femit-class-debug-always -fstack-usage -fcyclomatic-complexity -MMD -MP -MF"Application/User/generated/Font_verdana_10_4bpp_0.d" -MT"Application/User/generated/Font_verdana_10_4bpp_0.o" --specs=nano.specs -mfpu=fpv5-d16 -mfloat-abi=hard -mthumb -o "Application/User/generated/Font_verdana_10_4bpp_0.o"
arm-none-eabi-g++ "C:/TouchGFXProjects/MultipleScreen/CM7/TouchGFX/generated/fonts/src/Font_verdana_25_4bpp_0.cpp" -mcpu=cortex-m7 -std=gnu++14 -g3 -DDEBUG -DCORE_CM7 -DUSE_HAL_DRIVER -DUSE_BPP=24 -DSTM32H747xx -DUSE_PWR_DIRECT_SMPS_SUPPLY -c -I../../../CM7/Core/Inc -I../../../CM7/TouchGFX/App -I../../../CM7/TouchGFX/target/generated -I../../../CM7/TouchGFX/target -I../../../Drivers/BSP/Components/Common -I../../../Drivers/BSP/STM32H747I-Discovery -I../../../Drivers/STM32H7xx_HAL_Driver/Inc -I../../../Drivers/STM32H7xx_HAL_Driver/Inc/Legacy -I../../../Middlewares/Third_Party/FreeRTOS/Source/include -I../../../Middlewares/Third_Party/FreeRTOS/Source/CMSIS_RTOS_V2 -I../../../Middlewares/Third_Party/FreeRTOS/Source/portable/GCC/ARM_CM4F -I../../../Drivers/CMSIS/Device/ST/STM32H7xx/Include -I../../../Drivers/CMSIS/Include -I../../../Drivers/BSP/Components -I../../../CM7/LIBJPEG/App -I../../../CM7/LIBJPEG/Target -I../../../Utilities/JPEG -I../../../Middlewares/Third_Party/LibJPEG/include -I../../CM7/../../CM7/Middlewares/ST/touchgfx/framework/include -I../../CM7/../../CM7/TouchGFX/generated/fonts/include -I../../CM7/../../CM7/TouchGFX/generated/gui_generated/include -I../../CM7/../../CM7/TouchGFX/generated/images/include -I../../CM7/../../CM7/TouchGFX/generated/texts/include -I../../CM7/../../CM7/TouchGFX/generated/videos/include -I../../CM7/../../CM7/TouchGFX/gui/include -Os -ffunction-sections -fdata-sections -fno-exceptions -fno-rtti -fno-use-cxa-atexit -Wall -femit-class-debug-always -fstack-usage -fcyclomatic-complexity -MMD -MP -MF"Application/User/generated/Font_verdana_25_4bpp_0.d" -MT"Application/User/generated/Font_verdana_25_4bpp_0.o" --specs=nano.specs -mfpu=fpv5-d16 -mfloat-abi=hard -mthumb -o "Application/User/generated/Font_verdana_25_4bpp_0.o"
arm-none-eabi-g++ "C:/TouchGFXProjects/MultipleScreen/CM7/TouchGFX/generated/fonts/src/Font_verdana_40_4bpp_0.cpp" -mcpu=cortex-m7 -std=gnu++14 -g3 -DDEBUG -DCORE_CM7 -DUSE_HAL_DRIVER -DUSE_BPP=24 -DSTM32H747xx -DUSE_PWR_DIRECT_SMPS_SUPPLY -c -I../../../CM7/Core/Inc -I../../../CM7/TouchGFX/App -I../../../CM7/TouchGFX/target/generated -I../../../CM7/TouchGFX/target -I../../../Drivers/BSP/Components/Common -I../../../Drivers/BSP/STM32H747I-Discovery -I../../../Drivers/STM32H7xx_HAL_Driver/Inc -I../../../Drivers/STM32H7xx_HAL_Driver/Inc/Legacy -I../../../Middlewares/Third_Party/FreeRTOS/Source/include -I../../../Middlewares/Third_Party/FreeRTOS/Source/CMSIS_RTOS_V2 -I../../../Middlewares/Third_Party/FreeRTOS/Source/portable/GCC/ARM_CM4F -I../../../Drivers/CMSIS/Device/ST/STM32H7xx/Include -I../../../Drivers/CMSIS/Include -I../../../Drivers/BSP/Components -I../../../CM7/LIBJPEG/App -I../../../CM7/LIBJPEG/Target -I../../../Utilities/JPEG -I../../../Middlewares/Third_Party/LibJPEG/include -I../../CM7/../../CM7/Middlewares/ST/touchgfx/framework/include -I../../CM7/../../CM7/TouchGFX/generated/fonts/include -I../../CM7/../../CM7/TouchGFX/generated/gui_generated/include -I../../CM7/../../CM7/TouchGFX/generated/images/include -I../../CM7/../../CM7/TouchGFX/generated/texts/include -I../../CM7/../../CM7/TouchGFX/generated/videos/include -I../../CM7/../../CM7/TouchGFX/gui/include -Os -ffunction-sections -fdata-sections -fno-exceptions -fno-rtti -fno-use-cxa-atexit -Wall -femit-class-debug-always -fstack-usage -fcyclomatic-complexity -MMD -MP -MF"Application/User/generated/Font_verdana_40_4bpp_0.d" -MT"Application/User/generated/Font_verdana_40_4bpp_0.o" --specs=nano.specs -mfpu=fpv5-d16 -mfloat-abi=hard -mthumb -o "Application/User/generated/Font_verdana_40_4bpp_0.o"
arm-none-eabi-g++ "C:/TouchGFXProjects/MultipleScreen/CM7/TouchGFX/generated/gui_generated/src/common/FrontendApplicationBase.cpp" -mcpu=cortex-m7 -std=gnu++14 -g3 -DDEBUG -DCORE_CM7 -DUSE_HAL_DRIVER -DUSE_BPP=24 -DSTM32H747xx -DUSE_PWR_DIRECT_SMPS_SUPPLY -c -I../../../CM7/Core/Inc -I../../../CM7/TouchGFX/App -I../../../CM7/TouchGFX/target/generated -I../../../CM7/TouchGFX/target -I../../../Drivers/BSP/Components/Common -I../../../Drivers/BSP/STM32H747I-Discovery -I../../../Drivers/STM32H7xx_HAL_Driver/Inc -I../../../Drivers/STM32H7xx_HAL_Driver/Inc/Legacy -I../../../Middlewares/Third_Party/FreeRTOS/Source/include -I../../../Middlewares/Third_Party/FreeRTOS/Source/CMSIS_RTOS_V2 -I../../../Middlewares/Third_Party/FreeRTOS/Source/portable/GCC/ARM_CM4F -I../../../Drivers/CMSIS/Device/ST/STM32H7xx/Include -I../../../Drivers/CMSIS/Include -I../../../Drivers/BSP/Components -I../../../CM7/LIBJPEG/App -I../../../CM7/LIBJPEG/Target -I../../../Utilities/JPEG -I../../../Middlewares/Third_Party/LibJPEG/include -I../../CM7/../../CM7/Middlewares/ST/touchgfx/framework/include -I../../CM7/../../CM7/TouchGFX/generated/fonts/include -I../../CM7/../../CM7/TouchGFX/generated/gui_generated/include -I../../CM7/../../CM7/TouchGFX/generated/images/include -I../../CM7/../../CM7/TouchGFX/generated/texts/include -I../../CM7/../../CM7/TouchGFX/generated/videos/include -I../../CM7/../../CM7/TouchGFX/gui/include -Os -ffunction-sections -fdata-sections -fno-exceptions -fno-rtti -fno-use-cxa-atexit -Wall -femit-class-debug-always -fstack-usage -fcyclomatic-complexity -MMD -MP -MF"Application/User/generated/FrontendApplicationBase.d" -MT"Application/User/generated/FrontendApplicationBase.o" --specs=nano.specs -mfpu=fpv5-d16 -mfloat-abi=hard -mthumb -o "Application/User/generated/FrontendApplicationBase.o"
arm-none-eabi-g++ "C:/TouchGFXProjects/MultipleScreen/CM7/TouchGFX/generated/fonts/src/GeneratedFont.cpp" -mcpu=cortex-m7 -std=gnu++14 -g3 -DDEBUG -DCORE_CM7 -DUSE_HAL_DRIVER -DUSE_BPP=24 -DSTM32H747xx -DUSE_PWR_DIRECT_SMPS_SUPPLY -c -I../../../CM7/Core/Inc -I../../../CM7/TouchGFX/App -I../../../CM7/TouchGFX/target/generated -I../../../CM7/TouchGFX/target -I../../../Drivers/BSP/Components/Common -I../../../Drivers/BSP/STM32H747I-Discovery -I../../../Drivers/STM32H7xx_HAL_Driver/Inc -I../../../Drivers/STM32H7xx_HAL_Driver/Inc/Legacy -I../../../Middlewares/Third_Party/FreeRTOS/Source/include -I../../../Middlewares/Third_Party/FreeRTOS/Source/CMSIS_RTOS_V2 -I../../../Middlewares/Third_Party/FreeRTOS/Source/portable/GCC/ARM_CM4F -I../../../Drivers/CMSIS/Device/ST/STM32H7xx/Include -I../../../Drivers/CMSIS/Include -I../../../Drivers/BSP/Components -I../../../CM7/LIBJPEG/App -I../../../CM7/LIBJPEG/Target -I../../../Utilities/JPEG -I../../../Middlewares/Third_Party/LibJPEG/include -I../../CM7/../../CM7/Middlewares/ST/touchgfx/framework/include -I../../CM7/../../CM7/TouchGFX/generated/fonts/include -I../../CM7/../../CM7/TouchGFX/generated/gui_generated/include -I../../CM7/../../CM7/TouchGFX/generated/images/include -I../../CM7/../../CM7/TouchGFX/generated/texts/include -I../../CM7/../../CM7/TouchGFX/generated/videos/include -I../../CM7/../../CM7/TouchGFX/gui/include -Os -ffunction-sections -fdata-sections -fno-exceptions -fno-rtti -fno-use-cxa-atexit -Wall -femit-class-debug-always -fstack-usage -fcyclomatic-complexity -MMD -MP -MF"Application/User/generated/GeneratedFont.d" -MT"Application/User/generated/GeneratedFont.o" --specs=nano.specs -mfpu=fpv5-d16 -mfloat-abi=hard -mthumb -o "Application/User/generated/GeneratedFont.o"
arm-none-eabi-g++ "C:/TouchGFXProjects/MultipleScreen/CM7/TouchGFX/generated/fonts/src/Kerning_verdana_10_4bpp.cpp" -mcpu=cortex-m7 -std=gnu++14 -g3 -DDEBUG -DCORE_CM7 -DUSE_HAL_DRIVER -DUSE_BPP=24 -DSTM32H747xx -DUSE_PWR_DIRECT_SMPS_SUPPLY -c -I../../../CM7/Core/Inc -I../../../CM7/TouchGFX/App -I../../../CM7/TouchGFX/target/generated -I../../../CM7/TouchGFX/target -I../../../Drivers/BSP/Components/Common -I../../../Drivers/BSP/STM32H747I-Discovery -I../../../Drivers/STM32H7xx_HAL_Driver/Inc -I../../../Drivers/STM32H7xx_HAL_Driver/Inc/Legacy -I../../../Middlewares/Third_Party/FreeRTOS/Source/include -I../../../Middlewares/Third_Party/FreeRTOS/Source/CMSIS_RTOS_V2 -I../../../Middlewares/Third_Party/FreeRTOS/Source/portable/GCC/ARM_CM4F -I../../../Drivers/CMSIS/Device/ST/STM32H7xx/Include -I../../../Drivers/CMSIS/Include -I../../../Drivers/BSP/Components -I../../../CM7/LIBJPEG/App -I../../../CM7/LIBJPEG/Target -I../../../Utilities/JPEG -I../../../Middlewares/Third_Party/LibJPEG/include -I../../CM7/../../CM7/Middlewares/ST/touchgfx/framework/include -I../../CM7/../../CM7/TouchGFX/generated/fonts/include -I../../CM7/../../CM7/TouchGFX/generated/gui_generated/include -I../../CM7/../../CM7/TouchGFX/generated/images/include -I../../CM7/../../CM7/TouchGFX/generated/texts/include -I../../CM7/../../CM7/TouchGFX/generated/videos/include -I../../CM7/../../CM7/TouchGFX/gui/include -Os -ffunction-sections -fdata-sections -fno-exceptions -fno-rtti -fno-use-cxa-atexit -Wall -femit-class-debug-always -fstack-usage -fcyclomatic-complexity -MMD -MP -MF"Application/User/generated/Kerning_verdana_10_4bpp.d" -MT"Application/User/generated/Kerning_verdana_10_4bpp.o" --specs=nano.specs -mfpu=fpv5-d16 -mfloat-abi=hard -mthumb -o "Application/User/generated/Kerning_verdana_10_4bpp.o"
arm-none-eabi-g++ "C:/TouchGFXProjects/MultipleScreen/CM7/TouchGFX/generated/fonts/src/Kerning_verdana_25_4bpp.cpp" -mcpu=cortex-m7 -std=gnu++14 -g3 -DDEBUG -DCORE_CM7 -DUSE_HAL_DRIVER -DUSE_BPP=24 -DSTM32H747xx -DUSE_PWR_DIRECT_SMPS_SUPPLY -c -I../../../CM7/Core/Inc -I../../../CM7/TouchGFX/App -I../../../CM7/TouchGFX/target/generated -I../../../CM7/TouchGFX/target -I../../../Drivers/BSP/Components/Common -I../../../Drivers/BSP/STM32H747I-Discovery -I../../../Drivers/STM32H7xx_HAL_Driver/Inc -I../../../Drivers/STM32H7xx_HAL_Driver/Inc/Legacy -I../../../Middlewares/Third_Party/FreeRTOS/Source/include -I../../../Middlewares/Third_Party/FreeRTOS/Source/CMSIS_RTOS_V2 -I../../../Middlewares/Third_Party/FreeRTOS/Source/portable/GCC/ARM_CM4F -I../../../Drivers/CMSIS/Device/ST/STM32H7xx/Include -I../../../Drivers/CMSIS/Include -I../../../Drivers/BSP/Components -I../../../CM7/LIBJPEG/App -I../../../CM7/LIBJPEG/Target -I../../../Utilities/JPEG -I../../../Middlewares/Third_Party/LibJPEG/include -I../../CM7/../../CM7/Middlewares/ST/touchgfx/framework/include -I../../CM7/../../CM7/TouchGFX/generated/fonts/include -I../../CM7/../../CM7/TouchGFX/generated/gui_generated/include -I../../CM7/../../CM7/TouchGFX/generated/images/include -I../../CM7/../../CM7/TouchGFX/generated/texts/include -I../../CM7/../../CM7/TouchGFX/generated/videos/include -I../../CM7/../../CM7/TouchGFX/gui/include -Os -ffunction-sections -fdata-sections -fno-exceptions -fno-rtti -fno-use-cxa-atexit -Wall -femit-class-debug-always -fstack-usage -fcyclomatic-complexity -MMD -MP -MF"Application/User/generated/Kerning_verdana_25_4bpp.d" -MT"Application/User/generated/Kerning_verdana_25_4bpp.o" --specs=nano.specs -mfpu=fpv5-d16 -mfloat-abi=hard -mthumb -o "Application/User/generated/Kerning_verdana_25_4bpp.o"
arm-none-eabi-g++ "C:/TouchGFXProjects/MultipleScreen/CM7/TouchGFX/generated/fonts/src/Kerning_verdana_40_4bpp.cpp" -mcpu=cortex-m7 -std=gnu++14 -g3 -DDEBUG -DCORE_CM7 -DUSE_HAL_DRIVER -DUSE_BPP=24 -DSTM32H747xx -DUSE_PWR_DIRECT_SMPS_SUPPLY -c -I../../../CM7/Core/Inc -I../../../CM7/TouchGFX/App -I../../../CM7/TouchGFX/target/generated -I../../../CM7/TouchGFX/target -I../../../Drivers/BSP/Components/Common -I../../../Drivers/BSP/STM32H747I-Discovery -I../../../Drivers/STM32H7xx_HAL_Driver/Inc -I../../../Drivers/STM32H7xx_HAL_Driver/Inc/Legacy -I../../../Middlewares/Third_Party/FreeRTOS/Source/include -I../../../Middlewares/Third_Party/FreeRTOS/Source/CMSIS_RTOS_V2 -I../../../Middlewares/Third_Party/FreeRTOS/Source/portable/GCC/ARM_CM4F -I../../../Drivers/CMSIS/Device/ST/STM32H7xx/Include -I../../../Drivers/CMSIS/Include -I../../../Drivers/BSP/Components -I../../../CM7/LIBJPEG/App -I../../../CM7/LIBJPEG/Target -I../../../Utilities/JPEG -I../../../Middlewares/Third_Party/LibJPEG/include -I../../CM7/../../CM7/Middlewares/ST/touchgfx/framework/include -I../../CM7/../../CM7/TouchGFX/generated/fonts/include -I../../CM7/../../CM7/TouchGFX/generated/gui_generated/include -I../../CM7/../../CM7/TouchGFX/generated/images/include -I../../CM7/../../CM7/TouchGFX/generated/texts/include -I../../CM7/../../CM7/TouchGFX/generated/videos/include -I../../CM7/../../CM7/TouchGFX/gui/include -Os -ffunction-sections -fdata-sections -fno-exceptions -fno-rtti -fno-use-cxa-atexit -Wall -femit-class-debug-always -fstack-usage -fcyclomatic-complexity -MMD -MP -MF"Application/User/generated/Kerning_verdana_40_4bpp.d" -MT"Application/User/generated/Kerning_verdana_40_4bpp.o" --specs=nano.specs -mfpu=fpv5-d16 -mfloat-abi=hard -mthumb -o "Application/User/generated/Kerning_verdana_40_4bpp.o"
arm-none-eabi-g++ "C:/TouchGFXProjects/MultipleScreen/CM7/TouchGFX/generated/texts/src/LanguageGb.cpp" -mcpu=cortex-m7 -std=gnu++14 -g3 -DDEBUG -DCORE_CM7 -DUSE_HAL_DRIVER -DUSE_BPP=24 -DSTM32H747xx -DUSE_PWR_DIRECT_SMPS_SUPPLY -c -I../../../CM7/Core/Inc -I../../../CM7/TouchGFX/App -I../../../CM7/TouchGFX/target/generated -I../../../CM7/TouchGFX/target -I../../../Drivers/BSP/Components/Common -I../../../Drivers/BSP/STM32H747I-Discovery -I../../../Drivers/STM32H7xx_HAL_Driver/Inc -I../../../Drivers/STM32H7xx_HAL_Driver/Inc/Legacy -I../../../Middlewares/Third_Party/FreeRTOS/Source/include -I../../../Middlewares/Third_Party/FreeRTOS/Source/CMSIS_RTOS_V2 -I../../../Middlewares/Third_Party/FreeRTOS/Source/portable/GCC/ARM_CM4F -I../../../Drivers/CMSIS/Device/ST/STM32H7xx/Include -I../../../Drivers/CMSIS/Include -I../../../Drivers/BSP/Components -I../../../CM7/LIBJPEG/App -I../../../CM7/LIBJPEG/Target -I../../../Utilities/JPEG -I../../../Middlewares/Third_Party/LibJPEG/include -I../../CM7/../../CM7/Middlewares/ST/touchgfx/framework/include -I../../CM7/../../CM7/TouchGFX/generated/fonts/include -I../../CM7/../../CM7/TouchGFX/generated/gui_generated/include -I../../CM7/../../CM7/TouchGFX/generated/images/include -I../../CM7/../../CM7/TouchGFX/generated/texts/include -I../../CM7/../../CM7/TouchGFX/generated/videos/include -I../../CM7/../../CM7/TouchGFX/gui/include -Os -ffunction-sections -fdata-sections -fno-exceptions -fno-rtti -fno-use-cxa-atexit -Wall -femit-class-debug-always -fstack-usage -fcyclomatic-complexity -MMD -MP -MF"Application/User/generated/LanguageGb.d" -MT"Application/User/generated/LanguageGb.o" --specs=nano.specs -mfpu=fpv5-d16 -mfloat-abi=hard -mthumb -o "Application/User/generated/LanguageGb.o"
arm-none-eabi-g++ "C:/TouchGFXProjects/MultipleScreen/CM7/TouchGFX/generated/images/src/SVGDatabase.cpp" -mcpu=cortex-m7 -std=gnu++14 -g3 -DDEBUG -DCORE_CM7 -DUSE_HAL_DRIVER -DUSE_BPP=24 -DSTM32H747xx -DUSE_PWR_DIRECT_SMPS_SUPPLY -c -I../../../CM7/Core/Inc -I../../../CM7/TouchGFX/App -I../../../CM7/TouchGFX/target/generated -I../../../CM7/TouchGFX/target -I../../../Drivers/BSP/Components/Common -I../../../Drivers/BSP/STM32H747I-Discovery -I../../../Drivers/STM32H7xx_HAL_Driver/Inc -I../../../Drivers/STM32H7xx_HAL_Driver/Inc/Legacy -I../../../Middlewares/Third_Party/FreeRTOS/Source/include -I../../../Middlewares/Third_Party/FreeRTOS/Source/CMSIS_RTOS_V2 -I../../../Middlewares/Third_Party/FreeRTOS/Source/portable/GCC/ARM_CM4F -I../../../Drivers/CMSIS/Device/ST/STM32H7xx/Include -I../../../Drivers/CMSIS/Include -I../../../Drivers/BSP/Components -I../../../CM7/LIBJPEG/App -I../../../CM7/LIBJPEG/Target -I../../../Utilities/JPEG -I../../../Middlewares/Third_Party/LibJPEG/include -I../../CM7/../../CM7/Middlewares/ST/touchgfx/framework/include -I../../CM7/../../CM7/TouchGFX/generated/fonts/include -I../../CM7/../../CM7/TouchGFX/generated/gui_generated/include -I../../CM7/../../CM7/TouchGFX/generated/images/include -I../../CM7/../../CM7/TouchGFX/generated/texts/include -I../../CM7/../../CM7/TouchGFX/generated/videos/include -I../../CM7/../../CM7/TouchGFX/gui/include -Os -ffunction-sections -fdata-sections -fno-exceptions -fno-rtti -fno-use-cxa-atexit -Wall -femit-class-debug-always -fstack-usage -fcyclomatic-complexity -MMD -MP -MF"Application/User/generated/SVGDatabase.d" -MT"Application/User/generated/SVGDatabase.o" --specs=nano.specs -mfpu=fpv5-d16 -mfloat-abi=hard -mthumb -o "Application/User/generated/SVGDatabase.o"
arm-none-eabi-g++ "C:/TouchGFXProjects/MultipleScreen/CM7/TouchGFX/generated/gui_generated/src/screen1_screen/Screen1ViewBase.cpp" -mcpu=cortex-m7 -std=gnu++14 -g3 -DDEBUG -DCORE_CM7 -DUSE_HAL_DRIVER -DUSE_BPP=24 -DSTM32H747xx -DUSE_PWR_DIRECT_SMPS_SUPPLY -c -I../../../CM7/Core/Inc -I../../../CM7/TouchGFX/App -I../../../CM7/TouchGFX/target/generated -I../../../CM7/TouchGFX/target -I../../../Drivers/BSP/Components/Common -I../../../Drivers/BSP/STM32H747I-Discovery -I../../../Drivers/STM32H7xx_HAL_Driver/Inc -I../../../Drivers/STM32H7xx_HAL_Driver/Inc/Legacy -I../../../Middlewares/Third_Party/FreeRTOS/Source/include -I../../../Middlewares/Third_Party/FreeRTOS/Source/CMSIS_RTOS_V2 -I../../../Middlewares/Third_Party/FreeRTOS/Source/portable/GCC/ARM_CM4F -I../../../Drivers/CMSIS/Device/ST/STM32H7xx/Include -I../../../Drivers/CMSIS/Include -I../../../Drivers/BSP/Components -I../../../CM7/LIBJPEG/App -I../../../CM7/LIBJPEG/Target -I../../../Utilities/JPEG -I../../../Middlewares/Third_Party/LibJPEG/include -I../../CM7/../../CM7/Middlewares/ST/touchgfx/framework/include -I../../CM7/../../CM7/TouchGFX/generated/fonts/include -I../../CM7/../../CM7/TouchGFX/generated/gui_generated/include -I../../CM7/../../CM7/TouchGFX/generated/images/include -I../../CM7/../../CM7/TouchGFX/generated/texts/include -I../../CM7/../../CM7/TouchGFX/generated/videos/include -I../../CM7/../../CM7/TouchGFX/gui/include -Os -ffunction-sections -fdata-sections -fno-exceptions -fno-rtti -fno-use-cxa-atexit -Wall -femit-class-debug-always -fstack-usage -fcyclomatic-complexity -MMD -MP -MF"Application/User/generated/Screen1ViewBase.d" -MT"Application/User/generated/Screen1ViewBase.o" --specs=nano.specs -mfpu=fpv5-d16 -mfloat-abi=hard -mthumb -o "Application/User/generated/Screen1ViewBase.o"
arm-none-eabi-g++ "C:/TouchGFXProjects/MultipleScreen/CM7/TouchGFX/generated/gui_generated/src/screen2_screen/Screen2ViewBase.cpp" -mcpu=cortex-m7 -std=gnu++14 -g3 -DDEBUG -DCORE_CM7 -DUSE_HAL_DRIVER -DUSE_BPP=24 -DSTM32H747xx -DUSE_PWR_DIRECT_SMPS_SUPPLY -c -I../../../CM7/Core/Inc -I../../../CM7/TouchGFX/App -I../../../CM7/TouchGFX/target/generated -I../../../CM7/TouchGFX/target -I../../../Drivers/BSP/Components/Common -I../../../Drivers/BSP/STM32H747I-Discovery -I../../../Drivers/STM32H7xx_HAL_Driver/Inc -I../../../Drivers/STM32H7xx_HAL_Driver/Inc/Legacy -I../../../Middlewares/Third_Party/FreeRTOS/Source/include -I../../../Middlewares/Third_Party/FreeRTOS/Source/CMSIS_RTOS_V2 -I../../../Middlewares/Third_Party/FreeRTOS/Source/portable/GCC/ARM_CM4F -I../../../Drivers/CMSIS/Device/ST/STM32H7xx/Include -I../../../Drivers/CMSIS/Include -I../../../Drivers/BSP/Components -I../../../CM7/LIBJPEG/App -I../../../CM7/LIBJPEG/Target -I../../../Utilities/JPEG -I../../../Middlewares/Third_Party/LibJPEG/include -I../../CM7/../../CM7/Middlewares/ST/touchgfx/framework/include -I../../CM7/../../CM7/TouchGFX/generated/fonts/include -I../../CM7/../../CM7/TouchGFX/generated/gui_generated/include -I../../CM7/../../CM7/TouchGFX/generated/images/include -I../../CM7/../../CM7/TouchGFX/generated/texts/include -I../../CM7/../../CM7/TouchGFX/generated/videos/include -I../../CM7/../../CM7/TouchGFX/gui/include -Os -ffunction-sections -fdata-sections -fno-exceptions -fno-rtti -fno-use-cxa-atexit -Wall -femit-class-debug-always -fstack-usage -fcyclomatic-complexity -MMD -MP -MF"Application/User/generated/Screen2ViewBase.d" -MT"Application/User/generated/Screen2ViewBase.o" --specs=nano.specs -mfpu=fpv5-d16 -mfloat-abi=hard -mthumb -o "Application/User/generated/Screen2ViewBase.o"
arm-none-eabi-g++ "C:/TouchGFXProjects/MultipleScreen/CM7/TouchGFX/generated/fonts/src/Table_verdana_10_4bpp.cpp" -mcpu=cortex-m7 -std=gnu++14 -g3 -DDEBUG -DCORE_CM7 -DUSE_HAL_DRIVER -DUSE_BPP=24 -DSTM32H747xx -DUSE_PWR_DIRECT_SMPS_SUPPLY -c -I../../../CM7/Core/Inc -I../../../CM7/TouchGFX/App -I../../../CM7/TouchGFX/target/generated -I../../../CM7/TouchGFX/target -I../../../Drivers/BSP/Components/Common -I../../../Drivers/BSP/STM32H747I-Discovery -I../../../Drivers/STM32H7xx_HAL_Driver/Inc -I../../../Drivers/STM32H7xx_HAL_Driver/Inc/Legacy -I../../../Middlewares/Third_Party/FreeRTOS/Source/include -I../../../Middlewares/Third_Party/FreeRTOS/Source/CMSIS_RTOS_V2 -I../../../Middlewares/Third_Party/FreeRTOS/Source/portable/GCC/ARM_CM4F -I../../../Drivers/CMSIS/Device/ST/STM32H7xx/Include -I../../../Drivers/CMSIS/Include -I../../../Drivers/BSP/Components -I../../../CM7/LIBJPEG/App -I../../../CM7/LIBJPEG/Target -I../../../Utilities/JPEG -I../../../Middlewares/Third_Party/LibJPEG/include -I../../CM7/../../CM7/Middlewares/ST/touchgfx/framework/include -I../../CM7/../../CM7/TouchGFX/generated/fonts/include -I../../CM7/../../CM7/TouchGFX/generated/gui_generated/include -I../../CM7/../../CM7/TouchGFX/generated/images/include -I../../CM7/../../CM7/TouchGFX/generated/texts/include -I../../CM7/../../CM7/TouchGFX/generated/videos/include -I../../CM7/../../CM7/TouchGFX/gui/include -Os -ffunction-sections -fdata-sections -fno-exceptions -fno-rtti -fno-use-cxa-atexit -Wall -femit-class-debug-always -fstack-usage -fcyclomatic-complexity -MMD -MP -MF"Application/User/generated/Table_verdana_10_4bpp.d" -MT"Application/User/generated/Table_verdana_10_4bpp.o" --specs=nano.specs -mfpu=fpv5-d16 -mfloat-abi=hard -mthumb -o "Application/User/generated/Table_verdana_10_4bpp.o"
arm-none-eabi-g++ "C:/TouchGFXProjects/MultipleScreen/CM7/TouchGFX/generated/fonts/src/Table_verdana_25_4bpp.cpp" -mcpu=cortex-m7 -std=gnu++14 -g3 -DDEBUG -DCORE_CM7 -DUSE_HAL_DRIVER -DUSE_BPP=24 -DSTM32H747xx -DUSE_PWR_DIRECT_SMPS_SUPPLY -c -I../../../CM7/Core/Inc -I../../../CM7/TouchGFX/App -I../../../CM7/TouchGFX/target/generated -I../../../CM7/TouchGFX/target -I../../../Drivers/BSP/Components/Common -I../../../Drivers/BSP/STM32H747I-Discovery -I../../../Drivers/STM32H7xx_HAL_Driver/Inc -I../../../Drivers/STM32H7xx_HAL_Driver/Inc/Legacy -I../../../Middlewares/Third_Party/FreeRTOS/Source/include -I../../../Middlewares/Third_Party/FreeRTOS/Source/CMSIS_RTOS_V2 -I../../../Middlewares/Third_Party/FreeRTOS/Source/portable/GCC/ARM_CM4F -I../../../Drivers/CMSIS/Device/ST/STM32H7xx/Include -I../../../Drivers/CMSIS/Include -I../../../Drivers/BSP/Components -I../../../CM7/LIBJPEG/App -I../../../CM7/LIBJPEG/Target -I../../../Utilities/JPEG -I../../../Middlewares/Third_Party/LibJPEG/include -I../../CM7/../../CM7/Middlewares/ST/touchgfx/framework/include -I../../CM7/../../CM7/TouchGFX/generated/fonts/include -I../../CM7/../../CM7/TouchGFX/generated/gui_generated/include -I../../CM7/../../CM7/TouchGFX/generated/images/include -I../../CM7/../../CM7/TouchGFX/generated/texts/include -I../../CM7/../../CM7/TouchGFX/generated/videos/include -I../../CM7/../../CM7/TouchGFX/gui/include -Os -ffunction-sections -fdata-sections -fno-exceptions -fno-rtti -fno-use-cxa-atexit -Wall -femit-class-debug-always -fstack-usage -fcyclomatic-complexity -MMD -MP -MF"Application/User/generated/Table_verdana_25_4bpp.d" -MT"Application/User/generated/Table_verdana_25_4bpp.o" --specs=nano.specs -mfpu=fpv5-d16 -mfloat-abi=hard -mthumb -o "Application/User/generated/Table_verdana_25_4bpp.o"
arm-none-eabi-g++ "C:/TouchGFXProjects/MultipleScreen/CM7/TouchGFX/generated/fonts/src/Table_verdana_40_4bpp.cpp" -mcpu=cortex-m7 -std=gnu++14 -g3 -DDEBUG -DCORE_CM7 -DUSE_HAL_DRIVER -DUSE_BPP=24 -DSTM32H747xx -DUSE_PWR_DIRECT_SMPS_SUPPLY -c -I../../../CM7/Core/Inc -I../../../CM7/TouchGFX/App -I../../../CM7/TouchGFX/target/generated -I../../../CM7/TouchGFX/target -I../../../Drivers/BSP/Components/Common -I../../../Drivers/BSP/STM32H747I-Discovery -I../../../Drivers/STM32H7xx_HAL_Driver/Inc -I../../../Drivers/STM32H7xx_HAL_Driver/Inc/Legacy -I../../../Middlewares/Third_Party/FreeRTOS/Source/include -I../../../Middlewares/Third_Party/FreeRTOS/Source/CMSIS_RTOS_V2 -I../../../Middlewares/Third_Party/FreeRTOS/Source/portable/GCC/ARM_CM4F -I../../../Drivers/CMSIS/Device/ST/STM32H7xx/Include -I../../../Drivers/CMSIS/Include -I../../../Drivers/BSP/Components -I../../../CM7/LIBJPEG/App -I../../../CM7/LIBJPEG/Target -I../../../Utilities/JPEG -I../../../Middlewares/Third_Party/LibJPEG/include -I../../CM7/../../CM7/Middlewares/ST/touchgfx/framework/include -I../../CM7/../../CM7/TouchGFX/generated/fonts/include -I../../CM7/../../CM7/TouchGFX/generated/gui_generated/include -I../../CM7/../../CM7/TouchGFX/generated/images/include -I../../CM7/../../CM7/TouchGFX/generated/texts/include -I../../CM7/../../CM7/TouchGFX/generated/videos/include -I../../CM7/../../CM7/TouchGFX/gui/include -Os -ffunction-sections -fdata-sections -fno-exceptions -fno-rtti -fno-use-cxa-atexit -Wall -femit-class-debug-always -fstack-usage -fcyclomatic-complexity -MMD -MP -MF"Application/User/generated/Table_verdana_40_4bpp.d" -MT"Application/User/generated/Table_verdana_40_4bpp.o" --specs=nano.specs -mfpu=fpv5-d16 -mfloat-abi=hard -mthumb -o "Application/User/generated/Table_verdana_40_4bpp.o"
arm-none-eabi-g++ "C:/TouchGFXProjects/MultipleScreen/CM7/TouchGFX/generated/texts/src/Texts.cpp" -mcpu=cortex-m7 -std=gnu++14 -g3 -DDEBUG -DCORE_CM7 -DUSE_HAL_DRIVER -DUSE_BPP=24 -DSTM32H747xx -DUSE_PWR_DIRECT_SMPS_SUPPLY -c -I../../../CM7/Core/Inc -I../../../CM7/TouchGFX/App -I../../../CM7/TouchGFX/target/generated -I../../../CM7/TouchGFX/target -I../../../Drivers/BSP/Components/Common -I../../../Drivers/BSP/STM32H747I-Discovery -I../../../Drivers/STM32H7xx_HAL_Driver/Inc -I../../../Drivers/STM32H7xx_HAL_Driver/Inc/Legacy -I../../../Middlewares/Third_Party/FreeRTOS/Source/include -I../../../Middlewares/Third_Party/FreeRTOS/Source/CMSIS_RTOS_V2 -I../../../Middlewares/Third_Party/FreeRTOS/Source/portable/GCC/ARM_CM4F -I../../../Drivers/CMSIS/Device/ST/STM32H7xx/Include -I../../../Drivers/CMSIS/Include -I../../../Drivers/BSP/Components -I../../../CM7/LIBJPEG/App -I../../../CM7/LIBJPEG/Target -I../../../Utilities/JPEG -I../../../Middlewares/Third_Party/LibJPEG/include -I../../CM7/../../CM7/Middlewares/ST/touchgfx/framework/include -I../../CM7/../../CM7/TouchGFX/generated/fonts/include -I../../CM7/../../CM7/TouchGFX/generated/gui_generated/include -I../../CM7/../../CM7/TouchGFX/generated/images/include -I../../CM7/../../CM7/TouchGFX/generated/texts/include -I../../CM7/../../CM7/TouchGFX/generated/videos/include -I../../CM7/../../CM7/TouchGFX/gui/include -Os -ffunction-sections -fdata-sections -fno-exceptions -fno-rtti -fno-use-cxa-atexit -Wall -femit-class-debug-always -fstack-usage -fcyclomatic-complexity -MMD -MP -MF"Application/User/generated/Texts.d" -MT"Application/User/generated/Texts.o" --specs=nano.specs -mfpu=fpv5-d16 -mfloat-abi=hard -mthumb -o "Application/User/generated/Texts.o"
arm-none-eabi-g++ "C:/TouchGFXProjects/MultipleScreen/CM7/TouchGFX/generated/texts/src/TypedTextDatabase.cpp" -mcpu=cortex-m7 -std=gnu++14 -g3 -DDEBUG -DCORE_CM7 -DUSE_HAL_DRIVER -DUSE_BPP=24 -DSTM32H747xx -DUSE_PWR_DIRECT_SMPS_SUPPLY -c -I../../../CM7/Core/Inc -I../../../CM7/TouchGFX/App -I../../../CM7/TouchGFX/target/generated -I../../../CM7/TouchGFX/target -I../../../Drivers/BSP/Components/Common -I../../../Drivers/BSP/STM32H747I-Discovery -I../../../Drivers/STM32H7xx_HAL_Driver/Inc -I../../../Drivers/STM32H7xx_HAL_Driver/Inc/Legacy -I../../../Middlewares/Third_Party/FreeRTOS/Source/include -I../../../Middlewares/Third_Party/FreeRTOS/Source/CMSIS_RTOS_V2 -I../../../Middlewares/Third_Party/FreeRTOS/Source/portable/GCC/ARM_CM4F -I../../../Drivers/CMSIS/Device/ST/STM32H7xx/Include -I../../../Drivers/CMSIS/Include -I../../../Drivers/BSP/Components -I../../../CM7/LIBJPEG/App -I../../../CM7/LIBJPEG/Target -I../../../Utilities/JPEG -I../../../Middlewares/Third_Party/LibJPEG/include -I../../CM7/../../CM7/Middlewares/ST/touchgfx/framework/include -I../../CM7/../../CM7/TouchGFX/generated/fonts/include -I../../CM7/../../CM7/TouchGFX/generated/gui_generated/include -I../../CM7/../../CM7/TouchGFX/generated/images/include -I../../CM7/../../CM7/TouchGFX/generated/texts/include -I../../CM7/../../CM7/TouchGFX/generated/videos/include -I../../CM7/../../CM7/TouchGFX/gui/include -Os -ffunction-sections -fdata-sections -fno-exceptions -fno-rtti -fno-use-cxa-atexit -Wall -femit-class-debug-always -fstack-usage -fcyclomatic-complexity -MMD -MP -MF"Application/User/generated/TypedTextDatabase.d" -MT"Application/User/generated/TypedTextDatabase.o" --specs=nano.specs -mfpu=fpv5-d16 -mfloat-abi=hard -mthumb -o "Application/User/generated/TypedTextDatabase.o"
arm-none-eabi-g++ "C:/TouchGFXProjects/MultipleScreen/CM7/TouchGFX/generated/fonts/src/UnmappedDataFont.cpp" -mcpu=cortex-m7 -std=gnu++14 -g3 -DDEBUG -DCORE_CM7 -DUSE_HAL_DRIVER -DUSE_BPP=24 -DSTM32H747xx -DUSE_PWR_DIRECT_SMPS_SUPPLY -c -I../../../CM7/Core/Inc -I../../../CM7/TouchGFX/App -I../../../CM7/TouchGFX/target/generated -I../../../CM7/TouchGFX/target -I../../../Drivers/BSP/Components/Common -I../../../Drivers/BSP/STM32H747I-Discovery -I../../../Drivers/STM32H7xx_HAL_Driver/Inc -I../../../Drivers/STM32H7xx_HAL_Driver/Inc/Legacy -I../../../Middlewares/Third_Party/FreeRTOS/Source/include -I../../../Middlewares/Third_Party/FreeRTOS/Source/CMSIS_RTOS_V2 -I../../../Middlewares/Third_Party/FreeRTOS/Source/portable/GCC/ARM_CM4F -I../../../Drivers/CMSIS/Device/ST/STM32H7xx/Include -I../../../Drivers/CMSIS/Include -I../../../Drivers/BSP/Components -I../../../CM7/LIBJPEG/App -I../../../CM7/LIBJPEG/Target -I../../../Utilities/JPEG -I../../../Middlewares/Third_Party/LibJPEG/include -I../../CM7/../../CM7/Middlewares/ST/touchgfx/framework/include -I../../CM7/../../CM7/TouchGFX/generated/fonts/include -I../../CM7/../../CM7/TouchGFX/generated/gui_generated/include -I../../CM7/../../CM7/TouchGFX/generated/images/include -I../../CM7/../../CM7/TouchGFX/generated/texts/include -I../../CM7/../../CM7/TouchGFX/generated/videos/include -I../../CM7/../../CM7/TouchGFX/gui/include -Os -ffunction-sections -fdata-sections -fno-exceptions -fno-rtti -fno-use-cxa-atexit -Wall -femit-class-debug-always -fstack-usage -fcyclomatic-complexity -MMD -MP -MF"Application/User/generated/UnmappedDataFont.d" -MT"Application/User/generated/UnmappedDataFont.o" --specs=nano.specs -mfpu=fpv5-d16 -mfloat-abi=hard -mthumb -o "Application/User/generated/UnmappedDataFont.o"
arm-none-eabi-g++ "C:/TouchGFXProjects/MultipleScreen/CM7/TouchGFX/generated/fonts/src/VectorFontRendererBuffers.cpp" -mcpu=cortex-m7 -std=gnu++14 -g3 -DDEBUG -DCORE_CM7 -DUSE_HAL_DRIVER -DUSE_BPP=24 -DSTM32H747xx -DUSE_PWR_DIRECT_SMPS_SUPPLY -c -I../../../CM7/Core/Inc -I../../../CM7/TouchGFX/App -I../../../CM7/TouchGFX/target/generated -I../../../CM7/TouchGFX/target -I../../../Drivers/BSP/Components/Common -I../../../Drivers/BSP/STM32H747I-Discovery -I../../../Drivers/STM32H7xx_HAL_Driver/Inc -I../../../Drivers/STM32H7xx_HAL_Driver/Inc/Legacy -I../../../Middlewares/Third_Party/FreeRTOS/Source/include -I../../../Middlewares/Third_Party/FreeRTOS/Source/CMSIS_RTOS_V2 -I../../../Middlewares/Third_Party/FreeRTOS/Source/portable/GCC/ARM_CM4F -I../../../Drivers/CMSIS/Device/ST/STM32H7xx/Include -I../../../Drivers/CMSIS/Include -I../../../Drivers/BSP/Components -I../../../CM7/LIBJPEG/App -I../../../CM7/LIBJPEG/Target -I../../../Utilities/JPEG -I../../../Middlewares/Third_Party/LibJPEG/include -I../../CM7/../../CM7/Middlewares/ST/touchgfx/framework/include -I../../CM7/../../CM7/TouchGFX/generated/fonts/include -I../../CM7/../../CM7/TouchGFX/generated/gui_generated/include -I../../CM7/../../CM7/TouchGFX/generated/images/include -I../../CM7/../../CM7/TouchGFX/generated/texts/include -I../../CM7/../../CM7/TouchGFX/generated/videos/include -I../../CM7/../../CM7/TouchGFX/gui/include -Os -ffunction-sections -fdata-sections -fno-exceptions -fno-rtti -fno-use-cxa-atexit -Wall -femit-class-debug-always -fstack-usage -fcyclomatic-complexity -MMD -MP -MF"Application/User/generated/VectorFontRendererBuffers.d" -MT"Application/User/generated/VectorFontRendererBuffers.o" --specs=nano.specs -mfpu=fpv5-d16 -mfloat-abi=hard -mthumb -o "Application/User/generated/VectorFontRendererBuffers.o"
arm-none-eabi-g++ "C:/TouchGFXProjects/MultipleScreen/CM7/TouchGFX/generated/images/src/image_Down_arrow.cpp" -mcpu=cortex-m7 -std=gnu++14 -g3 -DDEBUG -DCORE_CM7 -DUSE_HAL_DRIVER -DUSE_BPP=24 -DSTM32H747xx -DUSE_PWR_DIRECT_SMPS_SUPPLY -c -I../../../CM7/Core/Inc -I../../../CM7/TouchGFX/App -I../../../CM7/TouchGFX/target/generated -I../../../CM7/TouchGFX/target -I../../../Drivers/BSP/Components/Common -I../../../Drivers/BSP/STM32H747I-Discovery -I../../../Drivers/STM32H7xx_HAL_Driver/Inc -I../../../Drivers/STM32H7xx_HAL_Driver/Inc/Legacy -I../../../Middlewares/Third_Party/FreeRTOS/Source/include -I../../../Middlewares/Third_Party/FreeRTOS/Source/CMSIS_RTOS_V2 -I../../../Middlewares/Third_Party/FreeRTOS/Source/portable/GCC/ARM_CM4F -I../../../Drivers/CMSIS/Device/ST/STM32H7xx/Include -I../../../Drivers/CMSIS/Include -I../../../Drivers/BSP/Components -I../../../CM7/LIBJPEG/App -I../../../CM7/LIBJPEG/Target -I../../../Utilities/JPEG -I../../../Middlewares/Third_Party/LibJPEG/include -I../../CM7/../../CM7/Middlewares/ST/touchgfx/framework/include -I../../CM7/../../CM7/TouchGFX/generated/fonts/include -I../../CM7/../../CM7/TouchGFX/generated/gui_generated/include -I../../CM7/../../CM7/TouchGFX/generated/images/include -I../../CM7/../../CM7/TouchGFX/generated/texts/include -I../../CM7/../../CM7/TouchGFX/generated/videos/include -I../../CM7/../../CM7/TouchGFX/gui/include -Os -ffunction-sections -fdata-sections -fno-exceptions -fno-rtti -fno-use-cxa-atexit -Wall -femit-class-debug-always -fstack-usage -fcyclomatic-complexity -MMD -MP -MF"Application/User/generated/image_Down_arrow.d" -MT"Application/User/generated/image_Down_arrow.o" --specs=nano.specs -mfpu=fpv5-d16 -mfloat-abi=hard -mthumb -o "Application/User/generated/image_Down_arrow.o"
arm-none-eabi-g++ "C:/TouchGFXProjects/MultipleScreen/CM7/TouchGFX/generated/images/src/image_Down_arrow_pressed.cpp" -mcpu=cortex-m7 -std=gnu++14 -g3 -DDEBUG -DCORE_CM7 -DUSE_HAL_DRIVER -DUSE_BPP=24 -DSTM32H747xx -DUSE_PWR_DIRECT_SMPS_SUPPLY -c -I../../../CM7/Core/Inc -I../../../CM7/TouchGFX/App -I../../../CM7/TouchGFX/target/generated -I../../../CM7/TouchGFX/target -I../../../Drivers/BSP/Components/Common -I../../../Drivers/BSP/STM32H747I-Discovery -I../../../Drivers/STM32H7xx_HAL_Driver/Inc -I../../../Drivers/STM32H7xx_HAL_Driver/Inc/Legacy -I../../../Middlewares/Third_Party/FreeRTOS/Source/include -I../../../Middlewares/Third_Party/FreeRTOS/Source/CMSIS_RTOS_V2 -I../../../Middlewares/Third_Party/FreeRTOS/Source/portable/GCC/ARM_CM4F -I../../../Drivers/CMSIS/Device/ST/STM32H7xx/Include -I../../../Drivers/CMSIS/Include -I../../../Drivers/BSP/Components -I../../../CM7/LIBJPEG/App -I../../../CM7/LIBJPEG/Target -I../../../Utilities/JPEG -I../../../Middlewares/Third_Party/LibJPEG/include -I../../CM7/../../CM7/Middlewares/ST/touchgfx/framework/include -I../../CM7/../../CM7/TouchGFX/generated/fonts/include -I../../CM7/../../CM7/TouchGFX/generated/gui_generated/include -I../../CM7/../../CM7/TouchGFX/generated/images/include -I../../CM7/../../CM7/TouchGFX/generated/texts/include -I../../CM7/../../CM7/TouchGFX/generated/videos/include -I../../CM7/../../CM7/TouchGFX/gui/include -Os -ffunction-sections -fdata-sections -fno-exceptions -fno-rtti -fno-use-cxa-atexit -Wall -femit-class-debug-always -fstack-usage -fcyclomatic-complexity -MMD -MP -MF"Application/User/generated/image_Down_arrow_pressed.d" -MT"Application/User/generated/image_Down_arrow_pressed.o" --specs=nano.specs -mfpu=fpv5-d16 -mfloat-abi=hard -mthumb -o "Application/User/generated/image_Down_arrow_pressed.o"
arm-none-eabi-g++ "C:/TouchGFXProjects/MultipleScreen/CM7/TouchGFX/generated/images/src/image_Up_arrow.cpp" -mcpu=cortex-m7 -std=gnu++14 -g3 -DDEBUG -DCORE_CM7 -DUSE_HAL_DRIVER -DUSE_BPP=24 -DSTM32H747xx -DUSE_PWR_DIRECT_SMPS_SUPPLY -c -I../../../CM7/Core/Inc -I../../../CM7/TouchGFX/App -I../../../CM7/TouchGFX/target/generated -I../../../CM7/TouchGFX/target -I../../../Drivers/BSP/Components/Common -I../../../Drivers/BSP/STM32H747I-Discovery -I../../../Drivers/STM32H7xx_HAL_Driver/Inc -I../../../Drivers/STM32H7xx_HAL_Driver/Inc/Legacy -I../../../Middlewares/Third_Party/FreeRTOS/Source/include -I../../../Middlewares/Third_Party/FreeRTOS/Source/CMSIS_RTOS_V2 -I../../../Middlewares/Third_Party/FreeRTOS/Source/portable/GCC/ARM_CM4F -I../../../Drivers/CMSIS/Device/ST/STM32H7xx/Include -I../../../Drivers/CMSIS/Include -I../../../Drivers/BSP/Components -I../../../CM7/LIBJPEG/App -I../../../CM7/LIBJPEG/Target -I../../../Utilities/JPEG -I../../../Middlewares/Third_Party/LibJPEG/include -I../../CM7/../../CM7/Middlewares/ST/touchgfx/framework/include -I../../CM7/../../CM7/TouchGFX/generated/fonts/include -I../../CM7/../../CM7/TouchGFX/generated/gui_generated/include -I../../CM7/../../CM7/TouchGFX/generated/images/include -I../../CM7/../../CM7/TouchGFX/generated/texts/include -I../../CM7/../../CM7/TouchGFX/generated/videos/include -I../../CM7/../../CM7/TouchGFX/gui/include -Os -ffunction-sections -fdata-sections -fno-exceptions -fno-rtti -fno-use-cxa-atexit -Wall -femit-class-debug-always -fstack-usage -fcyclomatic-complexity -MMD -MP -MF"Application/User/generated/image_Up_arrow.d" -MT"Application/User/generated/image_Up_arrow.o" --specs=nano.specs -mfpu=fpv5-d16 -mfloat-abi=hard -mthumb -o "Application/User/generated/image_Up_arrow.o"
arm-none-eabi-g++ "C:/TouchGFXProjects/MultipleScreen/CM7/TouchGFX/generated/images/src/image_Up_arrow_pressed.cpp" -mcpu=cortex-m7 -std=gnu++14 -g3 -DDEBUG -DCORE_CM7 -DUSE_HAL_DRIVER -DUSE_BPP=24 -DSTM32H747xx -DUSE_PWR_DIRECT_SMPS_SUPPLY -c -I../../../CM7/Core/Inc -I../../../CM7/TouchGFX/App -I../../../CM7/TouchGFX/target/generated -I../../../CM7/TouchGFX/target -I../../../Drivers/BSP/Components/Common -I../../../Drivers/BSP/STM32H747I-Discovery -I../../../Drivers/STM32H7xx_HAL_Driver/Inc -I../../../Drivers/STM32H7xx_HAL_Driver/Inc/Legacy -I../../../Middlewares/Third_Party/FreeRTOS/Source/include -I../../../Middlewares/Third_Party/FreeRTOS/Source/CMSIS_RTOS_V2 -I../../../Middlewares/Third_Party/FreeRTOS/Source/portable/GCC/ARM_CM4F -I../../../Drivers/CMSIS/Device/ST/STM32H7xx/Include -I../../../Drivers/CMSIS/Include -I../../../Drivers/BSP/Components -I../../../CM7/LIBJPEG/App -I../../../CM7/LIBJPEG/Target -I../../../Utilities/JPEG -I../../../Middlewares/Third_Party/LibJPEG/include -I../../CM7/../../CM7/Middlewares/ST/touchgfx/framework/include -I../../CM7/../../CM7/TouchGFX/generated/fonts/include -I../../CM7/../../CM7/TouchGFX/generated/gui_generated/include -I../../CM7/../../CM7/TouchGFX/generated/images/include -I../../CM7/../../CM7/TouchGFX/generated/texts/include -I../../CM7/../../CM7/TouchGFX/generated/videos/include -I../../CM7/../../CM7/TouchGFX/gui/include -Os -ffunction-sections -fdata-sections -fno-exceptions -fno-rtti -fno-use-cxa-atexit -Wall -femit-class-debug-always -fstack-usage -fcyclomatic-complexity -MMD -MP -MF"Application/User/generated/image_Up_arrow_pressed.d" -MT"Application/User/generated/image_Up_arrow_pressed.o" --specs=nano.specs -mfpu=fpv5-d16 -mfloat-abi=hard -mthumb -o "Application/User/generated/image_Up_arrow_pressed.o"
arm-none-eabi-g++ "C:/TouchGFXProjects/MultipleScreen/CM7/TouchGFX/generated/images/src/image_background_Screen1.cpp" -mcpu=cortex-m7 -std=gnu++14 -g3 -DDEBUG -DCORE_CM7 -DUSE_HAL_DRIVER -DUSE_BPP=24 -DSTM32H747xx -DUSE_PWR_DIRECT_SMPS_SUPPLY -c -I../../../CM7/Core/Inc -I../../../CM7/TouchGFX/App -I../../../CM7/TouchGFX/target/generated -I../../../CM7/TouchGFX/target -I../../../Drivers/BSP/Components/Common -I../../../Drivers/BSP/STM32H747I-Discovery -I../../../Drivers/STM32H7xx_HAL_Driver/Inc -I../../../Drivers/STM32H7xx_HAL_Driver/Inc/Legacy -I../../../Middlewares/Third_Party/FreeRTOS/Source/include -I../../../Middlewares/Third_Party/FreeRTOS/Source/CMSIS_RTOS_V2 -I../../../Middlewares/Third_Party/FreeRTOS/Source/portable/GCC/ARM_CM4F -I../../../Drivers/CMSIS/Device/ST/STM32H7xx/Include -I../../../Drivers/CMSIS/Include -I../../../Drivers/BSP/Components -I../../../CM7/LIBJPEG/App -I../../../CM7/LIBJPEG/Target -I../../../Utilities/JPEG -I../../../Middlewares/Third_Party/LibJPEG/include -I../../CM7/../../CM7/Middlewares/ST/touchgfx/framework/include -I../../CM7/../../CM7/TouchGFX/generated/fonts/include -I../../CM7/../../CM7/TouchGFX/generated/gui_generated/include -I../../CM7/../../CM7/TouchGFX/generated/images/include -I../../CM7/../../CM7/TouchGFX/generated/texts/include -I../../CM7/../../CM7/TouchGFX/generated/videos/include -I../../CM7/../../CM7/TouchGFX/gui/include -Os -ffunction-sections -fdata-sections -fno-exceptions -fno-rtti -fno-use-cxa-atexit -Wall -femit-class-debug-always -fstack-usage -fcyclomatic-complexity -MMD -MP -MF"Application/User/generated/image_background_Screen1.d" -MT"Application/User/generated/image_background_Screen1.o" --specs=nano.specs -mfpu=fpv5-d16 -mfloat-abi=hard -mthumb -o "Application/User/generated/image_background_Screen1.o"
arm-none-eabi-g++ "C:/TouchGFXProjects/MultipleScreen/CM7/TouchGFX/generated/images/src/image_background_Screen2.cpp" -mcpu=cortex-m7 -std=gnu++14 -g3 -DDEBUG -DCORE_CM7 -DUSE_HAL_DRIVER -DUSE_BPP=24 -DSTM32H747xx -DUSE_PWR_DIRECT_SMPS_SUPPLY -c -I../../../CM7/Core/Inc -I../../../CM7/TouchGFX/App -I../../../CM7/TouchGFX/target/generated -I../../../CM7/TouchGFX/target -I../../../Drivers/BSP/Components/Common -I../../../Drivers/BSP/STM32H747I-Discovery -I../../../Drivers/STM32H7xx_HAL_Driver/Inc -I../../../Drivers/STM32H7xx_HAL_Driver/Inc/Legacy -I../../../Middlewares/Third_Party/FreeRTOS/Source/include -I../../../Middlewares/Third_Party/FreeRTOS/Source/CMSIS_RTOS_V2 -I../../../Middlewares/Third_Party/FreeRTOS/Source/portable/GCC/ARM_CM4F -I../../../Drivers/CMSIS/Device/ST/STM32H7xx/Include -I../../../Drivers/CMSIS/Include -I../../../Drivers/BSP/Components -I../../../CM7/LIBJPEG/App -I../../../CM7/LIBJPEG/Target -I../../../Utilities/JPEG -I../../../Middlewares/Third_Party/LibJPEG/include -I../../CM7/../../CM7/Middlewares/ST/touchgfx/framework/include -I../../CM7/../../CM7/TouchGFX/generated/fonts/include -I../../CM7/../../CM7/TouchGFX/generated/gui_generated/include -I../../CM7/../../CM7/TouchGFX/generated/images/include -I../../CM7/../../CM7/TouchGFX/generated/texts/include -I../../CM7/../../CM7/TouchGFX/generated/videos/include -I../../CM7/../../CM7/TouchGFX/gui/include -Os -ffunction-sections -fdata-sections -fno-exceptions -fno-rtti -fno-use-cxa-atexit -Wall -femit-class-debug-always -fstack-usage -fcyclomatic-complexity -MMD -MP -MF"Application/User/generated/image_background_Screen2.d" -MT"Application/User/generated/image_background_Screen2.o" --specs=nano.specs -mfpu=fpv5-d16 -mfloat-abi=hard -mthumb -o "Application/User/generated/image_background_Screen2.o"
arm-none-eabi-g++ "C:/TouchGFXProjects/MultipleScreen/CM7/TouchGFX/generated/images/src/image_btn_round.cpp" -mcpu=cortex-m7 -std=gnu++14 -g3 -DDEBUG -DCORE_CM7 -DUSE_HAL_DRIVER -DUSE_BPP=24 -DSTM32H747xx -DUSE_PWR_DIRECT_SMPS_SUPPLY -c -I../../../CM7/Core/Inc -I../../../CM7/TouchGFX/App -I../../../CM7/TouchGFX/target/generated -I../../../CM7/TouchGFX/target -I../../../Drivers/BSP/Components/Common -I../../../Drivers/BSP/STM32H747I-Discovery -I../../../Drivers/STM32H7xx_HAL_Driver/Inc -I../../../Drivers/STM32H7xx_HAL_Driver/Inc/Legacy -I../../../Middlewares/Third_Party/FreeRTOS/Source/include -I../../../Middlewares/Third_Party/FreeRTOS/Source/CMSIS_RTOS_V2 -I../../../Middlewares/Third_Party/FreeRTOS/Source/portable/GCC/ARM_CM4F -I../../../Drivers/CMSIS/Device/ST/STM32H7xx/Include -I../../../Drivers/CMSIS/Include -I../../../Drivers/BSP/Components -I../../../CM7/LIBJPEG/App -I../../../CM7/LIBJPEG/Target -I../../../Utilities/JPEG -I../../../Middlewares/Third_Party/LibJPEG/include -I../../CM7/../../CM7/Middlewares/ST/touchgfx/framework/include -I../../CM7/../../CM7/TouchGFX/generated/fonts/include -I../../CM7/../../CM7/TouchGFX/generated/gui_generated/include -I../../CM7/../../CM7/TouchGFX/generated/images/include -I../../CM7/../../CM7/TouchGFX/generated/texts/include -I../../CM7/../../CM7/TouchGFX/generated/videos/include -I../../CM7/../../CM7/TouchGFX/gui/include -Os -ffunction-sections -fdata-sections -fno-exceptions -fno-rtti -fno-use-cxa-atexit -Wall -femit-class-debug-always -fstack-usage -fcyclomatic-complexity -MMD -MP -MF"Application/User/generated/image_btn_round.d" -MT"Application/User/generated/image_btn_round.o" --specs=nano.specs -mfpu=fpv5-d16 -mfloat-abi=hard -mthumb -o "Application/User/generated/image_btn_round.o"
arm-none-eabi-g++ "C:/TouchGFXProjects/MultipleScreen/CM7/TouchGFX/generated/images/src/image_btn_round_pressed.cpp" -mcpu=cortex-m7 -std=gnu++14 -g3 -DDEBUG -DCORE_CM7 -DUSE_HAL_DRIVER -DUSE_BPP=24 -DSTM32H747xx -DUSE_PWR_DIRECT_SMPS_SUPPLY -c -I../../../CM7/Core/Inc -I../../../CM7/TouchGFX/App -I../../../CM7/TouchGFX/target/generated -I../../../CM7/TouchGFX/target -I../../../Drivers/BSP/Components/Common -I../../../Drivers/BSP/STM32H747I-Discovery -I../../../Drivers/STM32H7xx_HAL_Driver/Inc -I../../../Drivers/STM32H7xx_HAL_Driver/Inc/Legacy -I../../../Middlewares/Third_Party/FreeRTOS/Source/include -I../../../Middlewares/Third_Party/FreeRTOS/Source/CMSIS_RTOS_V2 -I../../../Middlewares/Third_Party/FreeRTOS/Source/portable/GCC/ARM_CM4F -I../../../Drivers/CMSIS/Device/ST/STM32H7xx/Include -I../../../Drivers/CMSIS/Include -I../../../Drivers/BSP/Components -I../../../CM7/LIBJPEG/App -I../../../CM7/LIBJPEG/Target -I../../../Utilities/JPEG -I../../../Middlewares/Third_Party/LibJPEG/include -I../../CM7/../../CM7/Middlewares/ST/touchgfx/framework/include -I../../CM7/../../CM7/TouchGFX/generated/fonts/include -I../../CM7/../../CM7/TouchGFX/generated/gui_generated/include -I../../CM7/../../CM7/TouchGFX/generated/images/include -I../../CM7/../../CM7/TouchGFX/generated/texts/include -I../../CM7/../../CM7/TouchGFX/generated/videos/include -I../../CM7/../../CM7/TouchGFX/gui/include -Os -ffunction-sections -fdata-sections -fno-exceptions -fno-rtti -fno-use-cxa-atexit -Wall -femit-class-debug-always -fstack-usage -fcyclomatic-complexity -MMD -MP -MF"Application/User/generated/image_btn_round_pressed.d" -MT"Application/User/generated/image_btn_round_pressed.o" --specs=nano.specs -mfpu=fpv5-d16 -mfloat-abi=hard -mthumb -o "Application/User/generated/image_btn_round_pressed.o"
arm-none-eabi-g++ "C:/TouchGFXProjects/MultipleScreen/CM7/TouchGFX/generated/images/src/image_configuration.cpp" -mcpu=cortex-m7 -std=gnu++14 -g3 -DDEBUG -DCORE_CM7 -DUSE_HAL_DRIVER -DUSE_BPP=24 -DSTM32H747xx -DUSE_PWR_DIRECT_SMPS_SUPPLY -c -I../../../CM7/Core/Inc -I../../../CM7/TouchGFX/App -I../../../CM7/TouchGFX/target/generated -I../../../CM7/TouchGFX/target -I../../../Drivers/BSP/Components/Common -I../../../Drivers/BSP/STM32H747I-Discovery -I../../../Drivers/STM32H7xx_HAL_Driver/Inc -I../../../Drivers/STM32H7xx_HAL_Driver/Inc/Legacy -I../../../Middlewares/Third_Party/FreeRTOS/Source/include -I../../../Middlewares/Third_Party/FreeRTOS/Source/CMSIS_RTOS_V2 -I../../../Middlewares/Third_Party/FreeRTOS/Source/portable/GCC/ARM_CM4F -I../../../Drivers/CMSIS/Device/ST/STM32H7xx/Include -I../../../Drivers/CMSIS/Include -I../../../Drivers/BSP/Components -I../../../CM7/LIBJPEG/App -I../../../CM7/LIBJPEG/Target -I../../../Utilities/JPEG -I../../../Middlewares/Third_Party/LibJPEG/include -I../../CM7/../../CM7/Middlewares/ST/touchgfx/framework/include -I../../CM7/../../CM7/TouchGFX/generated/fonts/include -I../../CM7/../../CM7/TouchGFX/generated/gui_generated/include -I../../CM7/../../CM7/TouchGFX/generated/images/include -I../../CM7/../../CM7/TouchGFX/generated/texts/include -I../../CM7/../../CM7/TouchGFX/generated/videos/include -I../../CM7/../../CM7/TouchGFX/gui/include -Os -ffunction-sections -fdata-sections -fno-exceptions -fno-rtti -fno-use-cxa-atexit -Wall -femit-class-debug-always -fstack-usage -fcyclomatic-complexity -MMD -MP -MF"Application/User/generated/image_configuration.d" -MT"Application/User/generated/image_configuration.o" --specs=nano.specs -mfpu=fpv5-d16 -mfloat-abi=hard -mthumb -o "Application/User/generated/image_configuration.o"
arm-none-eabi-g++ "C:/TouchGFXProjects/MultipleScreen/CM7/TouchGFX/target/generated/HardwareMJPEGDecoder.cpp" -mcpu=cortex-m7 -std=gnu++14 -g3 -DDEBUG -DCORE_CM7 -DUSE_HAL_DRIVER -DUSE_BPP=24 -DSTM32H747xx -DUSE_PWR_DIRECT_SMPS_SUPPLY -c -I../../../CM7/Core/Inc -I../../../CM7/TouchGFX/App -I../../../CM7/TouchGFX/target/generated -I../../../CM7/TouchGFX/target -I../../../Drivers/BSP/Components/Common -I../../../Drivers/BSP/STM32H747I-Discovery -I../../../Drivers/STM32H7xx_HAL_Driver/Inc -I../../../Drivers/STM32H7xx_HAL_Driver/Inc/Legacy -I../../../Middlewares/Third_Party/FreeRTOS/Source/include -I../../../Middlewares/Third_Party/FreeRTOS/Source/CMSIS_RTOS_V2 -I../../../Middlewares/Third_Party/FreeRTOS/Source/portable/GCC/ARM_CM4F -I../../../Drivers/CMSIS/Device/ST/STM32H7xx/Include -I../../../Drivers/CMSIS/Include -I../../../Drivers/BSP/Components -I../../../CM7/LIBJPEG/App -I../../../CM7/LIBJPEG/Target -I../../../Utilities/JPEG -I../../../Middlewares/Third_Party/LibJPEG/include -I../../CM7/../../CM7/Middlewares/ST/touchgfx/framework/include -I../../CM7/../../CM7/TouchGFX/generated/fonts/include -I../../CM7/../../CM7/TouchGFX/generated/gui_generated/include -I../../CM7/../../CM7/TouchGFX/generated/images/include -I../../CM7/../../CM7/TouchGFX/generated/texts/include -I../../CM7/../../CM7/TouchGFX/generated/videos/include -I../../CM7/../../CM7/TouchGFX/gui/include -Os -ffunction-sections -fdata-sections -fno-exceptions -fno-rtti -fno-use-cxa-atexit -Wall -femit-class-debug-always -fstack-usage -fcyclomatic-complexity -MMD -MP -MF"Application/User/TouchGFX/target/generated/HardwareMJPEGDecoder.d" -MT"Application/User/TouchGFX/target/generated/HardwareMJPEGDecoder.o" --specs=nano.specs -mfpu=fpv5-d16 -mfloat-abi=hard -mthumb -o "Application/User/TouchGFX/target/generated/HardwareMJPEGDecoder.o"
In file included from ../../../Drivers/STM32H7xx_HAL_Driver/Inc/stm32h7xx_hal_def.h:29,
                 from ../../../Drivers/STM32H7xx_HAL_Driver/Inc/stm32h7xx_hal_rcc.h:27,
                 from ../../../CM7/Core/Inc/stm32h7xx_hal_conf.h:246,
                 from ../../../Drivers/STM32H7xx_HAL_Driver/Inc/stm32h7xx_hal.h:29,
                 from C:/TouchGFXProjects/MultipleScreen/CM7/TouchGFX/target/generated/HardwareMJPEGDecoder.cpp:24:
C:/TouchGFXProjects/MultipleScreen/CM7/TouchGFX/target/generated/HardwareMJPEGDecoder.cpp: In function 'void DMA2D_CopyBuffer(JPEG_Data_BufferTypeDef&)':
C:/TouchGFXProjects/MultipleScreen/CM7/TouchGFX/target/generated/HardwareMJPEGDecoder.cpp:712:50: warning: suggest parentheses around arithmetic in operand of '|' [-Wparentheses]
  712 |         WRITE_REG(DMA2D->NLR, (MCU_HEIGHT_PIXELS - JPEG_ConvertorParams.LastLineHeight | ((MCU_WIDTH_PIXELS * JPEG_ConvertorParams.MCU_pr_line) << DMA2D_NLR_PL_Pos)));
      |                                                  ^
../../../Drivers/CMSIS/Device/ST/STM32H7xx/Include/stm32h7xx.h:215:41: note: in definition of macro 'WRITE_REG'
  215 | #define WRITE_REG(REG, VAL)   ((REG) = (VAL))
      |                                         ^~~
arm-none-eabi-g++ "C:/TouchGFXProjects/MultipleScreen/CM7/TouchGFX/target/generated/OSWrappers.cpp" -mcpu=cortex-m7 -std=gnu++14 -g3 -DDEBUG -DCORE_CM7 -DUSE_HAL_DRIVER -DUSE_BPP=24 -DSTM32H747xx -DUSE_PWR_DIRECT_SMPS_SUPPLY -c -I../../../CM7/Core/Inc -I../../../CM7/TouchGFX/App -I../../../CM7/TouchGFX/target/generated -I../../../CM7/TouchGFX/target -I../../../Drivers/BSP/Components/Common -I../../../Drivers/BSP/STM32H747I-Discovery -I../../../Drivers/STM32H7xx_HAL_Driver/Inc -I../../../Drivers/STM32H7xx_HAL_Driver/Inc/Legacy -I../../../Middlewares/Third_Party/FreeRTOS/Source/include -I../../../Middlewares/Third_Party/FreeRTOS/Source/CMSIS_RTOS_V2 -I../../../Middlewares/Third_Party/FreeRTOS/Source/portable/GCC/ARM_CM4F -I../../../Drivers/CMSIS/Device/ST/STM32H7xx/Include -I../../../Drivers/CMSIS/Include -I../../../Drivers/BSP/Components -I../../../CM7/LIBJPEG/App -I../../../CM7/LIBJPEG/Target -I../../../Utilities/JPEG -I../../../Middlewares/Third_Party/LibJPEG/include -I../../CM7/../../CM7/Middlewares/ST/touchgfx/framework/include -I../../CM7/../../CM7/TouchGFX/generated/fonts/include -I../../CM7/../../CM7/TouchGFX/generated/gui_generated/include -I../../CM7/../../CM7/TouchGFX/generated/images/include -I../../CM7/../../CM7/TouchGFX/generated/texts/include -I../../CM7/../../CM7/TouchGFX/generated/videos/include -I../../CM7/../../CM7/TouchGFX/gui/include -Os -ffunction-sections -fdata-sections -fno-exceptions -fno-rtti -fno-use-cxa-atexit -Wall -femit-class-debug-always -fstack-usage -fcyclomatic-complexity -MMD -MP -MF"Application/User/TouchGFX/target/generated/OSWrappers.d" -MT"Application/User/TouchGFX/target/generated/OSWrappers.o" --specs=nano.specs -mfpu=fpv5-d16 -mfloat-abi=hard -mthumb -o "Application/User/TouchGFX/target/generated/OSWrappers.o"
arm-none-eabi-g++ "C:/TouchGFXProjects/MultipleScreen/CM7/TouchGFX/target/generated/STM32DMA.cpp" -mcpu=cortex-m7 -std=gnu++14 -g3 -DDEBUG -DCORE_CM7 -DUSE_HAL_DRIVER -DUSE_BPP=24 -DSTM32H747xx -DUSE_PWR_DIRECT_SMPS_SUPPLY -c -I../../../CM7/Core/Inc -I../../../CM7/TouchGFX/App -I../../../CM7/TouchGFX/target/generated -I../../../CM7/TouchGFX/target -I../../../Drivers/BSP/Components/Common -I../../../Drivers/BSP/STM32H747I-Discovery -I../../../Drivers/STM32H7xx_HAL_Driver/Inc -I../../../Drivers/STM32H7xx_HAL_Driver/Inc/Legacy -I../../../Middlewares/Third_Party/FreeRTOS/Source/include -I../../../Middlewares/Third_Party/FreeRTOS/Source/CMSIS_RTOS_V2 -I../../../Middlewares/Third_Party/FreeRTOS/Source/portable/GCC/ARM_CM4F -I../../../Drivers/CMSIS/Device/ST/STM32H7xx/Include -I../../../Drivers/CMSIS/Include -I../../../Drivers/BSP/Components -I../../../CM7/LIBJPEG/App -I../../../CM7/LIBJPEG/Target -I../../../Utilities/JPEG -I../../../Middlewares/Third_Party/LibJPEG/include -I../../CM7/../../CM7/Middlewares/ST/touchgfx/framework/include -I../../CM7/../../CM7/TouchGFX/generated/fonts/include -I../../CM7/../../CM7/TouchGFX/generated/gui_generated/include -I../../CM7/../../CM7/TouchGFX/generated/images/include -I../../CM7/../../CM7/TouchGFX/generated/texts/include -I../../CM7/../../CM7/TouchGFX/generated/videos/include -I../../CM7/../../CM7/TouchGFX/gui/include -Os -ffunction-sections -fdata-sections -fno-exceptions -fno-rtti -fno-use-cxa-atexit -Wall -femit-class-debug-always -fstack-usage -fcyclomatic-complexity -MMD -MP -MF"Application/User/TouchGFX/target/generated/STM32DMA.d" -MT"Application/User/TouchGFX/target/generated/STM32DMA.o" --specs=nano.specs -mfpu=fpv5-d16 -mfloat-abi=hard -mthumb -o "Application/User/TouchGFX/target/generated/STM32DMA.o"
arm-none-eabi-g++ "C:/TouchGFXProjects/MultipleScreen/CM7/TouchGFX/target/generated/TouchGFXConfiguration.cpp" -mcpu=cortex-m7 -std=gnu++14 -g3 -DDEBUG -DCORE_CM7 -DUSE_HAL_DRIVER -DUSE_BPP=24 -DSTM32H747xx -DUSE_PWR_DIRECT_SMPS_SUPPLY -c -I../../../CM7/Core/Inc -I../../../CM7/TouchGFX/App -I../../../CM7/TouchGFX/target/generated -I../../../CM7/TouchGFX/target -I../../../Drivers/BSP/Components/Common -I../../../Drivers/BSP/STM32H747I-Discovery -I../../../Drivers/STM32H7xx_HAL_Driver/Inc -I../../../Drivers/STM32H7xx_HAL_Driver/Inc/Legacy -I../../../Middlewares/Third_Party/FreeRTOS/Source/include -I../../../Middlewares/Third_Party/FreeRTOS/Source/CMSIS_RTOS_V2 -I../../../Middlewares/Third_Party/FreeRTOS/Source/portable/GCC/ARM_CM4F -I../../../Drivers/CMSIS/Device/ST/STM32H7xx/Include -I../../../Drivers/CMSIS/Include -I../../../Drivers/BSP/Components -I../../../CM7/LIBJPEG/App -I../../../CM7/LIBJPEG/Target -I../../../Utilities/JPEG -I../../../Middlewares/Third_Party/LibJPEG/include -I../../CM7/../../CM7/Middlewares/ST/touchgfx/framework/include -I../../CM7/../../CM7/TouchGFX/generated/fonts/include -I../../CM7/../../CM7/TouchGFX/generated/gui_generated/include -I../../CM7/../../CM7/TouchGFX/generated/images/include -I../../CM7/../../CM7/TouchGFX/generated/texts/include -I../../CM7/../../CM7/TouchGFX/generated/videos/include -I../../CM7/../../CM7/TouchGFX/gui/include -Os -ffunction-sections -fdata-sections -fno-exceptions -fno-rtti -fno-use-cxa-atexit -Wall -femit-class-debug-always -fstack-usage -fcyclomatic-complexity -MMD -MP -MF"Application/User/TouchGFX/target/generated/TouchGFXConfiguration.d" -MT"Application/User/TouchGFX/target/generated/TouchGFXConfiguration.o" --specs=nano.specs -mfpu=fpv5-d16 -mfloat-abi=hard -mthumb -o "Application/User/TouchGFX/target/generated/TouchGFXConfiguration.o"
arm-none-eabi-g++ "C:/TouchGFXProjects/MultipleScreen/CM7/TouchGFX/target/generated/TouchGFXGeneratedHAL.cpp" -mcpu=cortex-m7 -std=gnu++14 -g3 -DDEBUG -DCORE_CM7 -DUSE_HAL_DRIVER -DUSE_BPP=24 -DSTM32H747xx -DUSE_PWR_DIRECT_SMPS_SUPPLY -c -I../../../CM7/Core/Inc -I../../../CM7/TouchGFX/App -I../../../CM7/TouchGFX/target/generated -I../../../CM7/TouchGFX/target -I../../../Drivers/BSP/Components/Common -I../../../Drivers/BSP/STM32H747I-Discovery -I../../../Drivers/STM32H7xx_HAL_Driver/Inc -I../../../Drivers/STM32H7xx_HAL_Driver/Inc/Legacy -I../../../Middlewares/Third_Party/FreeRTOS/Source/include -I../../../Middlewares/Third_Party/FreeRTOS/Source/CMSIS_RTOS_V2 -I../../../Middlewares/Third_Party/FreeRTOS/Source/portable/GCC/ARM_CM4F -I../../../Drivers/CMSIS/Device/ST/STM32H7xx/Include -I../../../Drivers/CMSIS/Include -I../../../Drivers/BSP/Components -I../../../CM7/LIBJPEG/App -I../../../CM7/LIBJPEG/Target -I../../../Utilities/JPEG -I../../../Middlewares/Third_Party/LibJPEG/include -I../../CM7/../../CM7/Middlewares/ST/touchgfx/framework/include -I../../CM7/../../CM7/TouchGFX/generated/fonts/include -I../../CM7/../../CM7/TouchGFX/generated/gui_generated/include -I../../CM7/../../CM7/TouchGFX/generated/images/include -I../../CM7/../../CM7/TouchGFX/generated/texts/include -I../../CM7/../../CM7/TouchGFX/generated/videos/include -I../../CM7/../../CM7/TouchGFX/gui/include -Os -ffunction-sections -fdata-sections -fno-exceptions -fno-rtti -fno-use-cxa-atexit -Wall -femit-class-debug-always -fstack-usage -fcyclomatic-complexity -MMD -MP -MF"Application/User/TouchGFX/target/generated/TouchGFXGeneratedHAL.d" -MT"Application/User/TouchGFX/target/generated/TouchGFXGeneratedHAL.o" --specs=nano.specs -mfpu=fpv5-d16 -mfloat-abi=hard -mthumb -o "Application/User/TouchGFX/target/generated/TouchGFXGeneratedHAL.o"
arm-none-eabi-gcc "C:/TouchGFXProjects/MultipleScreen/CM7/TouchGFX/target/generated/tgfx_jpeg_utils.c" -mcpu=cortex-m7 -std=gnu11 -g3 -DDEBUG -DCORE_CM7 -DUSE_HAL_DRIVER -DUSE_BPP=24 -DSTM32H747xx -DUSE_PWR_DIRECT_SMPS_SUPPLY -c -I../../../CM7/Core/Inc -I../../../CM7/TouchGFX/App -I../../../CM7/TouchGFX/target/generated -I../../../CM7/TouchGFX/target -I../../../Drivers/BSP/Components/Common -I../../../Drivers/BSP/STM32H747I-Discovery -I../../../Drivers/STM32H7xx_HAL_Driver/Inc -I../../../Drivers/STM32H7xx_HAL_Driver/Inc/Legacy -I../../../Middlewares/Third_Party/FreeRTOS/Source/include -I../../../Middlewares/Third_Party/FreeRTOS/Source/CMSIS_RTOS_V2 -I../../../Middlewares/Third_Party/FreeRTOS/Source/portable/GCC/ARM_CM4F -I../../../Drivers/CMSIS/Device/ST/STM32H7xx/Include -I../../../Drivers/CMSIS/Include -I../../../Drivers/BSP/Components -I../../../CM7/LIBJPEG/App -I../../../CM7/LIBJPEG/Target -I../../../Utilities/JPEG -I../../../Middlewares/Third_Party/LibJPEG/include -I../../CM7/../../CM7/Middlewares/ST/touchgfx/framework/include -I../../CM7/../../CM7/TouchGFX/generated/fonts/include -I../../CM7/../../CM7/TouchGFX/generated/gui_generated/include -I../../CM7/../../CM7/TouchGFX/generated/images/include -I../../CM7/../../CM7/TouchGFX/generated/texts/include -I../../CM7/../../CM7/TouchGFX/generated/videos/include -I../../CM7/../../CM7/TouchGFX/gui/include -Os -ffunction-sections -fdata-sections -Wall -fstack-usage -fcyclomatic-complexity -MMD -MP -MF"Application/User/TouchGFX/target/generated/tgfx_jpeg_utils.d" -MT"Application/User/TouchGFX/target/generated/tgfx_jpeg_utils.o" --specs=nano.specs -mfpu=fpv5-d16 -mfloat-abi=hard -mthumb -o "Application/User/TouchGFX/target/generated/tgfx_jpeg_utils.o"
arm-none-eabi-g++ "C:/TouchGFXProjects/MultipleScreen/CM7/TouchGFX/target/STM32H7Instrumentation.cpp" -mcpu=cortex-m7 -std=gnu++14 -g3 -DDEBUG -DCORE_CM7 -DUSE_HAL_DRIVER -DUSE_BPP=24 -DSTM32H747xx -DUSE_PWR_DIRECT_SMPS_SUPPLY -c -I../../../CM7/Core/Inc -I../../../CM7/TouchGFX/App -I../../../CM7/TouchGFX/target/generated -I../../../CM7/TouchGFX/target -I../../../Drivers/BSP/Components/Common -I../../../Drivers/BSP/STM32H747I-Discovery -I../../../Drivers/STM32H7xx_HAL_Driver/Inc -I../../../Drivers/STM32H7xx_HAL_Driver/Inc/Legacy -I../../../Middlewares/Third_Party/FreeRTOS/Source/include -I../../../Middlewares/Third_Party/FreeRTOS/Source/CMSIS_RTOS_V2 -I../../../Middlewares/Third_Party/FreeRTOS/Source/portable/GCC/ARM_CM4F -I../../../Drivers/CMSIS/Device/ST/STM32H7xx/Include -I../../../Drivers/CMSIS/Include -I../../../Drivers/BSP/Components -I../../../CM7/LIBJPEG/App -I../../../CM7/LIBJPEG/Target -I../../../Utilities/JPEG -I../../../Middlewares/Third_Party/LibJPEG/include -I../../CM7/../../CM7/Middlewares/ST/touchgfx/framework/include -I../../CM7/../../CM7/TouchGFX/generated/fonts/include -I../../CM7/../../CM7/TouchGFX/generated/gui_generated/include -I../../CM7/../../CM7/TouchGFX/generated/images/include -I../../CM7/../../CM7/TouchGFX/generated/texts/include -I../../CM7/../../CM7/TouchGFX/generated/videos/include -I../../CM7/../../CM7/TouchGFX/gui/include -Os -ffunction-sections -fdata-sections -fno-exceptions -fno-rtti -fno-use-cxa-atexit -Wall -femit-class-debug-always -fstack-usage -fcyclomatic-complexity -MMD -MP -MF"Application/User/TouchGFX/target/STM32H7Instrumentation.d" -MT"Application/User/TouchGFX/target/STM32H7Instrumentation.o" --specs=nano.specs -mfpu=fpv5-d16 -mfloat-abi=hard -mthumb -o "Application/User/TouchGFX/target/STM32H7Instrumentation.o"
arm-none-eabi-g++ "C:/TouchGFXProjects/MultipleScreen/CM7/TouchGFX/target/STM32TouchController.cpp" -mcpu=cortex-m7 -std=gnu++14 -g3 -DDEBUG -DCORE_CM7 -DUSE_HAL_DRIVER -DUSE_BPP=24 -DSTM32H747xx -DUSE_PWR_DIRECT_SMPS_SUPPLY -c -I../../../CM7/Core/Inc -I../../../CM7/TouchGFX/App -I../../../CM7/TouchGFX/target/generated -I../../../CM7/TouchGFX/target -I../../../Drivers/BSP/Components/Common -I../../../Drivers/BSP/STM32H747I-Discovery -I../../../Drivers/STM32H7xx_HAL_Driver/Inc -I../../../Drivers/STM32H7xx_HAL_Driver/Inc/Legacy -I../../../Middlewares/Third_Party/FreeRTOS/Source/include -I../../../Middlewares/Third_Party/FreeRTOS/Source/CMSIS_RTOS_V2 -I../../../Middlewares/Third_Party/FreeRTOS/Source/portable/GCC/ARM_CM4F -I../../../Drivers/CMSIS/Device/ST/STM32H7xx/Include -I../../../Drivers/CMSIS/Include -I../../../Drivers/BSP/Components -I../../../CM7/LIBJPEG/App -I../../../CM7/LIBJPEG/Target -I../../../Utilities/JPEG -I../../../Middlewares/Third_Party/LibJPEG/include -I../../CM7/../../CM7/Middlewares/ST/touchgfx/framework/include -I../../CM7/../../CM7/TouchGFX/generated/fonts/include -I../../CM7/../../CM7/TouchGFX/generated/gui_generated/include -I../../CM7/../../CM7/TouchGFX/generated/images/include -I../../CM7/../../CM7/TouchGFX/generated/texts/include -I../../CM7/../../CM7/TouchGFX/generated/videos/include -I../../CM7/../../CM7/TouchGFX/gui/include -Os -ffunction-sections -fdata-sections -fno-exceptions -fno-rtti -fno-use-cxa-atexit -Wall -femit-class-debug-always -fstack-usage -fcyclomatic-complexity -MMD -MP -MF"Application/User/TouchGFX/target/STM32TouchController.d" -MT"Application/User/TouchGFX/target/STM32TouchController.o" --specs=nano.specs -mfpu=fpv5-d16 -mfloat-abi=hard -mthumb -o "Application/User/TouchGFX/target/STM32TouchController.o"
arm-none-eabi-g++ "C:/TouchGFXProjects/MultipleScreen/CM7/TouchGFX/target/TouchGFXGPIO.cpp" -mcpu=cortex-m7 -std=gnu++14 -g3 -DDEBUG -DCORE_CM7 -DUSE_HAL_DRIVER -DUSE_BPP=24 -DSTM32H747xx -DUSE_PWR_DIRECT_SMPS_SUPPLY -c -I../../../CM7/Core/Inc -I../../../CM7/TouchGFX/App -I../../../CM7/TouchGFX/target/generated -I../../../CM7/TouchGFX/target -I../../../Drivers/BSP/Components/Common -I../../../Drivers/BSP/STM32H747I-Discovery -I../../../Drivers/STM32H7xx_HAL_Driver/Inc -I../../../Drivers/STM32H7xx_HAL_Driver/Inc/Legacy -I../../../Middlewares/Third_Party/FreeRTOS/Source/include -I../../../Middlewares/Third_Party/FreeRTOS/Source/CMSIS_RTOS_V2 -I../../../Middlewares/Third_Party/FreeRTOS/Source/portable/GCC/ARM_CM4F -I../../../Drivers/CMSIS/Device/ST/STM32H7xx/Include -I../../../Drivers/CMSIS/Include -I../../../Drivers/BSP/Components -I../../../CM7/LIBJPEG/App -I../../../CM7/LIBJPEG/Target -I../../../Utilities/JPEG -I../../../Middlewares/Third_Party/LibJPEG/include -I../../CM7/../../CM7/Middlewares/ST/touchgfx/framework/include -I../../CM7/../../CM7/TouchGFX/generated/fonts/include -I../../CM7/../../CM7/TouchGFX/generated/gui_generated/include -I../../CM7/../../CM7/TouchGFX/generated/images/include -I../../CM7/../../CM7/TouchGFX/generated/texts/include -I../../CM7/../../CM7/TouchGFX/generated/videos/include -I../../CM7/../../CM7/TouchGFX/gui/include -Os -ffunction-sections -fdata-sections -fno-exceptions -fno-rtti -fno-use-cxa-atexit -Wall -femit-class-debug-always -fstack-usage -fcyclomatic-complexity -MMD -MP -MF"Application/User/TouchGFX/target/TouchGFXGPIO.d" -MT"Application/User/TouchGFX/target/TouchGFXGPIO.o" --specs=nano.specs -mfpu=fpv5-d16 -mfloat-abi=hard -mthumb -o "Application/User/TouchGFX/target/TouchGFXGPIO.o"
arm-none-eabi-g++ "C:/TouchGFXProjects/MultipleScreen/CM7/TouchGFX/target/TouchGFXHAL.cpp" -mcpu=cortex-m7 -std=gnu++14 -g3 -DDEBUG -DCORE_CM7 -DUSE_HAL_DRIVER -DUSE_BPP=24 -DSTM32H747xx -DUSE_PWR_DIRECT_SMPS_SUPPLY -c -I../../../CM7/Core/Inc -I../../../CM7/TouchGFX/App -I../../../CM7/TouchGFX/target/generated -I../../../CM7/TouchGFX/target -I../../../Drivers/BSP/Components/Common -I../../../Drivers/BSP/STM32H747I-Discovery -I../../../Drivers/STM32H7xx_HAL_Driver/Inc -I../../../Drivers/STM32H7xx_HAL_Driver/Inc/Legacy -I../../../Middlewares/Third_Party/FreeRTOS/Source/include -I../../../Middlewares/Third_Party/FreeRTOS/Source/CMSIS_RTOS_V2 -I../../../Middlewares/Third_Party/FreeRTOS/Source/portable/GCC/ARM_CM4F -I../../../Drivers/CMSIS/Device/ST/STM32H7xx/Include -I../../../Drivers/CMSIS/Include -I../../../Drivers/BSP/Components -I../../../CM7/LIBJPEG/App -I../../../CM7/LIBJPEG/Target -I../../../Utilities/JPEG -I../../../Middlewares/Third_Party/LibJPEG/include -I../../CM7/../../CM7/Middlewares/ST/touchgfx/framework/include -I../../CM7/../../CM7/TouchGFX/generated/fonts/include -I../../CM7/../../CM7/TouchGFX/generated/gui_generated/include -I../../CM7/../../CM7/TouchGFX/generated/images/include -I../../CM7/../../CM7/TouchGFX/generated/texts/include -I../../CM7/../../CM7/TouchGFX/generated/videos/include -I../../CM7/../../CM7/TouchGFX/gui/include -Os -ffunction-sections -fdata-sections -fno-exceptions -fno-rtti -fno-use-cxa-atexit -Wall -femit-class-debug-always -fstack-usage -fcyclomatic-complexity -MMD -MP -MF"Application/User/TouchGFX/target/TouchGFXHAL.d" -MT"Application/User/TouchGFX/target/TouchGFXHAL.o" --specs=nano.specs -mfpu=fpv5-d16 -mfloat-abi=hard -mthumb -o "Application/User/TouchGFX/target/TouchGFXHAL.o"
arm-none-eabi-gcc "C:/TouchGFXProjects/MultipleScreen/CM7/TouchGFX/App/app_touchgfx.c" -mcpu=cortex-m7 -std=gnu11 -g3 -DDEBUG -DCORE_CM7 -DUSE_HAL_DRIVER -DUSE_BPP=24 -DSTM32H747xx -DUSE_PWR_DIRECT_SMPS_SUPPLY -c -I../../../CM7/Core/Inc -I../../../CM7/TouchGFX/App -I../../../CM7/TouchGFX/target/generated -I../../../CM7/TouchGFX/target -I../../../Drivers/BSP/Components/Common -I../../../Drivers/BSP/STM32H747I-Discovery -I../../../Drivers/STM32H7xx_HAL_Driver/Inc -I../../../Drivers/STM32H7xx_HAL_Driver/Inc/Legacy -I../../../Middlewares/Third_Party/FreeRTOS/Source/include -I../../../Middlewares/Third_Party/FreeRTOS/Source/CMSIS_RTOS_V2 -I../../../Middlewares/Third_Party/FreeRTOS/Source/portable/GCC/ARM_CM4F -I../../../Drivers/CMSIS/Device/ST/STM32H7xx/Include -I../../../Drivers/CMSIS/Include -I../../../Drivers/BSP/Components -I../../../CM7/LIBJPEG/App -I../../../CM7/LIBJPEG/Target -I../../../Utilities/JPEG -I../../../Middlewares/Third_Party/LibJPEG/include -I../../CM7/../../CM7/Middlewares/ST/touchgfx/framework/include -I../../CM7/../../CM7/TouchGFX/generated/fonts/include -I../../CM7/../../CM7/TouchGFX/generated/gui_generated/include -I../../CM7/../../CM7/TouchGFX/generated/images/include -I../../CM7/../../CM7/TouchGFX/generated/texts/include -I../../CM7/../../CM7/TouchGFX/generated/videos/include -I../../CM7/../../CM7/TouchGFX/gui/include -Os -ffunction-sections -fdata-sections -Wall -fstack-usage -fcyclomatic-complexity -MMD -MP -MF"Application/User/TouchGFX/App/app_touchgfx.d" -MT"Application/User/TouchGFX/App/app_touchgfx.o" --specs=nano.specs -mfpu=fpv5-d16 -mfloat-abi=hard -mthumb -o "Application/User/TouchGFX/App/app_touchgfx.o"
arm-none-eabi-gcc -mcpu=cortex-m7 -g3 -DDEBUG -c -x assembler-with-cpp -MMD -MP -MF"Application/User/Startup/startup_stm32h747xihx.d" -MT"Application/User/Startup/startup_stm32h747xihx.o" --specs=nano.specs -mfpu=fpv5-d16 -mfloat-abi=hard -mthumb -o "Application/User/Startup/startup_stm32h747xihx.o" "../Application/User/Startup/startup_stm32h747xihx.s"
arm-none-eabi-gcc "C:/TouchGFXProjects/MultipleScreen/CM7/LIBJPEG/App/libjpeg.c" -mcpu=cortex-m7 -std=gnu11 -g3 -DDEBUG -DCORE_CM7 -DUSE_HAL_DRIVER -DUSE_BPP=24 -DSTM32H747xx -DUSE_PWR_DIRECT_SMPS_SUPPLY -c -I../../../CM7/Core/Inc -I../../../CM7/TouchGFX/App -I../../../CM7/TouchGFX/target/generated -I../../../CM7/TouchGFX/target -I../../../Drivers/BSP/Components/Common -I../../../Drivers/BSP/STM32H747I-Discovery -I../../../Drivers/STM32H7xx_HAL_Driver/Inc -I../../../Drivers/STM32H7xx_HAL_Driver/Inc/Legacy -I../../../Middlewares/Third_Party/FreeRTOS/Source/include -I../../../Middlewares/Third_Party/FreeRTOS/Source/CMSIS_RTOS_V2 -I../../../Middlewares/Third_Party/FreeRTOS/Source/portable/GCC/ARM_CM4F -I../../../Drivers/CMSIS/Device/ST/STM32H7xx/Include -I../../../Drivers/CMSIS/Include -I../../../Drivers/BSP/Components -I../../../CM7/LIBJPEG/App -I../../../CM7/LIBJPEG/Target -I../../../Utilities/JPEG -I../../../Middlewares/Third_Party/LibJPEG/include -I../../CM7/../../CM7/Middlewares/ST/touchgfx/framework/include -I../../CM7/../../CM7/TouchGFX/generated/fonts/include -I../../CM7/../../CM7/TouchGFX/generated/gui_generated/include -I../../CM7/../../CM7/TouchGFX/generated/images/include -I../../CM7/../../CM7/TouchGFX/generated/texts/include -I../../CM7/../../CM7/TouchGFX/generated/videos/include -I../../CM7/../../CM7/TouchGFX/gui/include -Os -ffunction-sections -fdata-sections -Wall -fstack-usage -fcyclomatic-complexity -MMD -MP -MF"Application/User/LIBJPEG/App/libjpeg.d" -MT"Application/User/LIBJPEG/App/libjpeg.o" --specs=nano.specs -mfpu=fpv5-d16 -mfloat-abi=hard -mthumb -o "Application/User/LIBJPEG/App/libjpeg.o"
arm-none-eabi-gcc "C:/TouchGFXProjects/MultipleScreen/CM7/Core/Src/freertos.c" -mcpu=cortex-m7 -std=gnu11 -g3 -DDEBUG -DCORE_CM7 -DUSE_HAL_DRIVER -DUSE_BPP=24 -DSTM32H747xx -DUSE_PWR_DIRECT_SMPS_SUPPLY -c -I../../../CM7/Core/Inc -I../../../CM7/TouchGFX/App -I../../../CM7/TouchGFX/target/generated -I../../../CM7/TouchGFX/target -I../../../Drivers/BSP/Components/Common -I../../../Drivers/BSP/STM32H747I-Discovery -I../../../Drivers/STM32H7xx_HAL_Driver/Inc -I../../../Drivers/STM32H7xx_HAL_Driver/Inc/Legacy -I../../../Middlewares/Third_Party/FreeRTOS/Source/include -I../../../Middlewares/Third_Party/FreeRTOS/Source/CMSIS_RTOS_V2 -I../../../Middlewares/Third_Party/FreeRTOS/Source/portable/GCC/ARM_CM4F -I../../../Drivers/CMSIS/Device/ST/STM32H7xx/Include -I../../../Drivers/CMSIS/Include -I../../../Drivers/BSP/Components -I../../../CM7/LIBJPEG/App -I../../../CM7/LIBJPEG/Target -I../../../Utilities/JPEG -I../../../Middlewares/Third_Party/LibJPEG/include -I../../CM7/../../CM7/Middlewares/ST/touchgfx/framework/include -I../../CM7/../../CM7/TouchGFX/generated/fonts/include -I../../CM7/../../CM7/TouchGFX/generated/gui_generated/include -I../../CM7/../../CM7/TouchGFX/generated/images/include -I../../CM7/../../CM7/TouchGFX/generated/texts/include -I../../CM7/../../CM7/TouchGFX/generated/videos/include -I../../CM7/../../CM7/TouchGFX/gui/include -Os -ffunction-sections -fdata-sections -Wall -fstack-usage -fcyclomatic-complexity -MMD -MP -MF"Application/User/Core/freertos.d" -MT"Application/User/Core/freertos.o" --specs=nano.specs -mfpu=fpv5-d16 -mfloat-abi=hard -mthumb -o "Application/User/Core/freertos.o"
arm-none-eabi-gcc "C:/TouchGFXProjects/MultipleScreen/CM7/Core/Src/main.c" -mcpu=cortex-m7 -std=gnu11 -g3 -DDEBUG -DCORE_CM7 -DUSE_HAL_DRIVER -DUSE_BPP=24 -DSTM32H747xx -DUSE_PWR_DIRECT_SMPS_SUPPLY -c -I../../../CM7/Core/Inc -I../../../CM7/TouchGFX/App -I../../../CM7/TouchGFX/target/generated -I../../../CM7/TouchGFX/target -I../../../Drivers/BSP/Components/Common -I../../../Drivers/BSP/STM32H747I-Discovery -I../../../Drivers/STM32H7xx_HAL_Driver/Inc -I../../../Drivers/STM32H7xx_HAL_Driver/Inc/Legacy -I../../../Middlewares/Third_Party/FreeRTOS/Source/include -I../../../Middlewares/Third_Party/FreeRTOS/Source/CMSIS_RTOS_V2 -I../../../Middlewares/Third_Party/FreeRTOS/Source/portable/GCC/ARM_CM4F -I../../../Drivers/CMSIS/Device/ST/STM32H7xx/Include -I../../../Drivers/CMSIS/Include -I../../../Drivers/BSP/Components -I../../../CM7/LIBJPEG/App -I../../../CM7/LIBJPEG/Target -I../../../Utilities/JPEG -I../../../Middlewares/Third_Party/LibJPEG/include -I../../CM7/../../CM7/Middlewares/ST/touchgfx/framework/include -I../../CM7/../../CM7/TouchGFX/generated/fonts/include -I../../CM7/../../CM7/TouchGFX/generated/gui_generated/include -I../../CM7/../../CM7/TouchGFX/generated/images/include -I../../CM7/../../CM7/TouchGFX/generated/texts/include -I../../CM7/../../CM7/TouchGFX/generated/videos/include -I../../CM7/../../CM7/TouchGFX/gui/include -Os -ffunction-sections -fdata-sections -Wall -fstack-usage -fcyclomatic-complexity -MMD -MP -MF"Application/User/Core/main.d" -MT"Application/User/Core/main.o" --specs=nano.specs -mfpu=fpv5-d16 -mfloat-abi=hard -mthumb -o "Application/User/Core/main.o"
arm-none-eabi-gcc "C:/TouchGFXProjects/MultipleScreen/CM7/Core/Src/stm32h7xx_hal_msp.c" -mcpu=cortex-m7 -std=gnu11 -g3 -DDEBUG -DCORE_CM7 -DUSE_HAL_DRIVER -DUSE_BPP=24 -DSTM32H747xx -DUSE_PWR_DIRECT_SMPS_SUPPLY -c -I../../../CM7/Core/Inc -I../../../CM7/TouchGFX/App -I../../../CM7/TouchGFX/target/generated -I../../../CM7/TouchGFX/target -I../../../Drivers/BSP/Components/Common -I../../../Drivers/BSP/STM32H747I-Discovery -I../../../Drivers/STM32H7xx_HAL_Driver/Inc -I../../../Drivers/STM32H7xx_HAL_Driver/Inc/Legacy -I../../../Middlewares/Third_Party/FreeRTOS/Source/include -I../../../Middlewares/Third_Party/FreeRTOS/Source/CMSIS_RTOS_V2 -I../../../Middlewares/Third_Party/FreeRTOS/Source/portable/GCC/ARM_CM4F -I../../../Drivers/CMSIS/Device/ST/STM32H7xx/Include -I../../../Drivers/CMSIS/Include -I../../../Drivers/BSP/Components -I../../../CM7/LIBJPEG/App -I../../../CM7/LIBJPEG/Target -I../../../Utilities/JPEG -I../../../Middlewares/Third_Party/LibJPEG/include -I../../CM7/../../CM7/Middlewares/ST/touchgfx/framework/include -I../../CM7/../../CM7/TouchGFX/generated/fonts/include -I../../CM7/../../CM7/TouchGFX/generated/gui_generated/include -I../../CM7/../../CM7/TouchGFX/generated/images/include -I../../CM7/../../CM7/TouchGFX/generated/texts/include -I../../CM7/../../CM7/TouchGFX/generated/videos/include -I../../CM7/../../CM7/TouchGFX/gui/include -Os -ffunction-sections -fdata-sections -Wall -fstack-usage -fcyclomatic-complexity -MMD -MP -MF"Application/User/Core/stm32h7xx_hal_msp.d" -MT"Application/User/Core/stm32h7xx_hal_msp.o" --specs=nano.specs -mfpu=fpv5-d16 -mfloat-abi=hard -mthumb -o "Application/User/Core/stm32h7xx_hal_msp.o"
arm-none-eabi-gcc "C:/TouchGFXProjects/MultipleScreen/CM7/Core/Src/stm32h7xx_hal_timebase_tim.c" -mcpu=cortex-m7 -std=gnu11 -g3 -DDEBUG -DCORE_CM7 -DUSE_HAL_DRIVER -DUSE_BPP=24 -DSTM32H747xx -DUSE_PWR_DIRECT_SMPS_SUPPLY -c -I../../../CM7/Core/Inc -I../../../CM7/TouchGFX/App -I../../../CM7/TouchGFX/target/generated -I../../../CM7/TouchGFX/target -I../../../Drivers/BSP/Components/Common -I../../../Drivers/BSP/STM32H747I-Discovery -I../../../Drivers/STM32H7xx_HAL_Driver/Inc -I../../../Drivers/STM32H7xx_HAL_Driver/Inc/Legacy -I../../../Middlewares/Third_Party/FreeRTOS/Source/include -I../../../Middlewares/Third_Party/FreeRTOS/Source/CMSIS_RTOS_V2 -I../../../Middlewares/Third_Party/FreeRTOS/Source/portable/GCC/ARM_CM4F -I../../../Drivers/CMSIS/Device/ST/STM32H7xx/Include -I../../../Drivers/CMSIS/Include -I../../../Drivers/BSP/Components -I../../../CM7/LIBJPEG/App -I../../../CM7/LIBJPEG/Target -I../../../Utilities/JPEG -I../../../Middlewares/Third_Party/LibJPEG/include -I../../CM7/../../CM7/Middlewares/ST/touchgfx/framework/include -I../../CM7/../../CM7/TouchGFX/generated/fonts/include -I../../CM7/../../CM7/TouchGFX/generated/gui_generated/include -I../../CM7/../../CM7/TouchGFX/generated/images/include -I../../CM7/../../CM7/TouchGFX/generated/texts/include -I../../CM7/../../CM7/TouchGFX/generated/videos/include -I../../CM7/../../CM7/TouchGFX/gui/include -Os -ffunction-sections -fdata-sections -Wall -fstack-usage -fcyclomatic-complexity -MMD -MP -MF"Application/User/Core/stm32h7xx_hal_timebase_tim.d" -MT"Application/User/Core/stm32h7xx_hal_timebase_tim.o" --specs=nano.specs -mfpu=fpv5-d16 -mfloat-abi=hard -mthumb -o "Application/User/Core/stm32h7xx_hal_timebase_tim.o"
arm-none-eabi-gcc "C:/TouchGFXProjects/MultipleScreen/CM7/Core/Src/stm32h7xx_it.c" -mcpu=cortex-m7 -std=gnu11 -g3 -DDEBUG -DCORE_CM7 -DUSE_HAL_DRIVER -DUSE_BPP=24 -DSTM32H747xx -DUSE_PWR_DIRECT_SMPS_SUPPLY -c -I../../../CM7/Core/Inc -I../../../CM7/TouchGFX/App -I../../../CM7/TouchGFX/target/generated -I../../../CM7/TouchGFX/target -I../../../Drivers/BSP/Components/Common -I../../../Drivers/BSP/STM32H747I-Discovery -I../../../Drivers/STM32H7xx_HAL_Driver/Inc -I../../../Drivers/STM32H7xx_HAL_Driver/Inc/Legacy -I../../../Middlewares/Third_Party/FreeRTOS/Source/include -I../../../Middlewares/Third_Party/FreeRTOS/Source/CMSIS_RTOS_V2 -I../../../Middlewares/Third_Party/FreeRTOS/Source/portable/GCC/ARM_CM4F -I../../../Drivers/CMSIS/Device/ST/STM32H7xx/Include -I../../../Drivers/CMSIS/Include -I../../../Drivers/BSP/Components -I../../../CM7/LIBJPEG/App -I../../../CM7/LIBJPEG/Target -I../../../Utilities/JPEG -I../../../Middlewares/Third_Party/LibJPEG/include -I../../CM7/../../CM7/Middlewares/ST/touchgfx/framework/include -I../../CM7/../../CM7/TouchGFX/generated/fonts/include -I../../CM7/../../CM7/TouchGFX/generated/gui_generated/include -I../../CM7/../../CM7/TouchGFX/generated/images/include -I../../CM7/../../CM7/TouchGFX/generated/texts/include -I../../CM7/../../CM7/TouchGFX/generated/videos/include -I../../CM7/../../CM7/TouchGFX/gui/include -Os -ffunction-sections -fdata-sections -Wall -fstack-usage -fcyclomatic-complexity -MMD -MP -MF"Application/User/Core/stm32h7xx_it.d" -MT"Application/User/Core/stm32h7xx_it.o" --specs=nano.specs -mfpu=fpv5-d16 -mfloat-abi=hard -mthumb -o "Application/User/Core/stm32h7xx_it.o"
arm-none-eabi-gcc "../Application/User/Core/syscalls.c" -mcpu=cortex-m7 -std=gnu11 -g3 -DDEBUG -DCORE_CM7 -DUSE_HAL_DRIVER -DUSE_BPP=24 -DSTM32H747xx -DUSE_PWR_DIRECT_SMPS_SUPPLY -c -I../../../CM7/Core/Inc -I../../../CM7/TouchGFX/App -I../../../CM7/TouchGFX/target/generated -I../../../CM7/TouchGFX/target -I../../../Drivers/BSP/Components/Common -I../../../Drivers/BSP/STM32H747I-Discovery -I../../../Drivers/STM32H7xx_HAL_Driver/Inc -I../../../Drivers/STM32H7xx_HAL_Driver/Inc/Legacy -I../../../Middlewares/Third_Party/FreeRTOS/Source/include -I../../../Middlewares/Third_Party/FreeRTOS/Source/CMSIS_RTOS_V2 -I../../../Middlewares/Third_Party/FreeRTOS/Source/portable/GCC/ARM_CM4F -I../../../Drivers/CMSIS/Device/ST/STM32H7xx/Include -I../../../Drivers/CMSIS/Include -I../../../Drivers/BSP/Components -I../../../CM7/LIBJPEG/App -I../../../CM7/LIBJPEG/Target -I../../../Utilities/JPEG -I../../../Middlewares/Third_Party/LibJPEG/include -I../../CM7/../../CM7/Middlewares/ST/touchgfx/framework/include -I../../CM7/../../CM7/TouchGFX/generated/fonts/include -I../../CM7/../../CM7/TouchGFX/generated/gui_generated/include -I../../CM7/../../CM7/TouchGFX/generated/images/include -I../../CM7/../../CM7/TouchGFX/generated/texts/include -I../../CM7/../../CM7/TouchGFX/generated/videos/include -I../../CM7/../../CM7/TouchGFX/gui/include -Os -ffunction-sections -fdata-sections -Wall -fstack-usage -fcyclomatic-complexity -MMD -MP -MF"Application/User/Core/syscalls.d" -MT"Application/User/Core/syscalls.o" --specs=nano.specs -mfpu=fpv5-d16 -mfloat-abi=hard -mthumb -o "Application/User/Core/syscalls.o"
arm-none-eabi-gcc "../Application/User/Core/sysmem.c" -mcpu=cortex-m7 -std=gnu11 -g3 -DDEBUG -DCORE_CM7 -DUSE_HAL_DRIVER -DUSE_BPP=24 -DSTM32H747xx -DUSE_PWR_DIRECT_SMPS_SUPPLY -c -I../../../CM7/Core/Inc -I../../../CM7/TouchGFX/App -I../../../CM7/TouchGFX/target/generated -I../../../CM7/TouchGFX/target -I../../../Drivers/BSP/Components/Common -I../../../Drivers/BSP/STM32H747I-Discovery -I../../../Drivers/STM32H7xx_HAL_Driver/Inc -I../../../Drivers/STM32H7xx_HAL_Driver/Inc/Legacy -I../../../Middlewares/Third_Party/FreeRTOS/Source/include -I../../../Middlewares/Third_Party/FreeRTOS/Source/CMSIS_RTOS_V2 -I../../../Middlewares/Third_Party/FreeRTOS/Source/portable/GCC/ARM_CM4F -I../../../Drivers/CMSIS/Device/ST/STM32H7xx/Include -I../../../Drivers/CMSIS/Include -I../../../Drivers/BSP/Components -I../../../CM7/LIBJPEG/App -I../../../CM7/LIBJPEG/Target -I../../../Utilities/JPEG -I../../../Middlewares/Third_Party/LibJPEG/include -I../../CM7/../../CM7/Middlewares/ST/touchgfx/framework/include -I../../CM7/../../CM7/TouchGFX/generated/fonts/include -I../../CM7/../../CM7/TouchGFX/generated/gui_generated/include -I../../CM7/../../CM7/TouchGFX/generated/images/include -I../../CM7/../../CM7/TouchGFX/generated/texts/include -I../../CM7/../../CM7/TouchGFX/generated/videos/include -I../../CM7/../../CM7/TouchGFX/gui/include -Os -ffunction-sections -fdata-sections -Wall -fstack-usage -fcyclomatic-complexity -MMD -MP -MF"Application/User/Core/sysmem.d" -MT"Application/User/Core/sysmem.o" --specs=nano.specs -mfpu=fpv5-d16 -mfloat-abi=hard -mthumb -o "Application/User/Core/sysmem.o"
arm-none-eabi-g++ -o "STM32H747I-DISCO_CM7.elf" @"objects.list"  -l:libtouchgfx-float-abi-hard.a -mcpu=cortex-m7 -T"C:\TouchGFXProjects\MultipleScreen\STM32CubeIDE\CM7\STM32H747XIHX_FLASH.ld" --specs=nosys.specs -Wl,-Map="STM32H747I-DISCO_CM7.map" -Wl,--gc-sections -static -L../../../CM7/Middlewares/ST/touchgfx/lib/core/cortex_m7/gcc --specs=nano.specs -mfpu=fpv5-d16 -mfloat-abi=hard -mthumb -Wl,--start-group -lc -lm -lstdc++ -lsupc++ -Wl,--end-group
C:/ST/STM32CubeIDE_1.16.1/STM32CubeIDE/plugins/com.st.stm32cube.ide.mcu.externaltools.gnu-tools-for-stm32.12.3.rel1.win32_1.0.200.202406191623/tools/bin/../lib/gcc/arm-none-eabi/12.3.1/../../../../arm-none-eabi/bin/ld.exe: warning: STM32H747I-DISCO_CM7.elf has a LOAD segment with RWX permissions
Finished building target: STM32H747I-DISCO_CM7.elf
 
arm-none-eabi-size  STM32H747I-DISCO_CM7.elf 
   text	   data	    bss	    dec	    hex	filename
1059154	    864	2478856	3538874	 35ffba	STM32H747I-DISCO_CM7.elf
Finished building: default.size.stdout
 
arm-none-eabi-objdump -h -S STM32H747I-DISCO_CM7.elf  > "STM32H747I-DISCO_CM7.list"
Finished building: STM32H747I-DISCO_CM7.list
 
arm-none-eabi-objcopy  -O ihex STM32H747I-DISCO_CM7.elf  "STM32H747I-DISCO_CM7.hex"
Finished building: STM32H747I-DISCO_CM7.hex
 
14:50:55 **** Build of configuration Debug for project STM32H747I-DISCO_CM4 ****
make all 
arm-none-eabi-size  STM32H747I-DISCO_CM4.elf 
   text	   data	    bss	    dec	    hex	filename
   3204	     24	   8224	  11452	   2cbc	STM32H747I-DISCO_CM4.elf
Finished building: default.size.stdout
 
14:51:19 **** Incremental Build of configuration Debug for project STM32H747I-DISCO_CM7 ****
make all 
arm-none-eabi-size  STM32H747I-DISCO_CM7.elf 
   text	   data	    bss	    dec	    hex	filename
1059154	    864	2478856	3538874	 35ffba	STM32H747I-DISCO_CM7.elf
Finished building: default.size.stdout
 
