10:28:42 **** Incremental Build of configuration Debug for project SPI__002_SLAVE ****
make -j12 all 
arm-none-eabi-gcc "../Core/Src/main.c" -mcpu=cortex-m4 -std=gnu11 -g3 -DDEBUG -DUSE_HAL_DRIVER -DSTM32F411xE -c -I../Core/Inc -I../Drivers/STM32F4xx_HAL_Driver/Inc -I../Drivers/STM32F4xx_HAL_Driver/Inc/Legacy -I../Drivers/CMSIS/Device/ST/STM32F4xx/Include -I../Drivers/CMSIS/Include -O0 -ffunction-sections -fdata-sections -Wall -fstack-usage -fcyclomatic-complexity -MMD -MP -MF"Core/Src/main.d" -MT"Core/Src/main.o" --specs=nano.specs -mfpu=fpv4-sp-d16 -mfloat-abi=hard -mthumb -o "Core/Src/main.o"
arm-none-eabi-gcc -o "SPI__002_SLAVE.elf" @"objects.list"   -mcpu=cortex-m4 -T"D:\STM32CUBEIDE\SPI__002_SLAVE\STM32F411VETX_FLASH.ld" --specs=nosys.specs -Wl,-Map="SPI__002_SLAVE.map" -Wl,--gc-sections -static --specs=nano.specs -mfpu=fpv4-sp-d16 -mfloat-abi=hard -mthumb -Wl,--start-group -lc -lm -Wl,--end-group
Finished building target: SPI__002_SLAVE.elf
 
arm-none-eabi-size  SPI__002_SLAVE.elf 
arm-none-eabi-objdump -h -S SPI__002_SLAVE.elf  > "SPI__002_SLAVE.list"
   text	   data	    bss	    dec	    hex	filename
  15360	    116	   2076	  17552	   4490	SPI__002_SLAVE.elf
Finished building: default.size.stdout
 
Finished building: SPI__002_SLAVE.list
 

10:28:43 Build Finished. 0 errors, 0 warnings. (took 903ms)

