15:27:40 **** Incremental Build of configuration Debug for project SPI_002_Array_Transmit_Receive_CM7 ****
make -j12 all 
arm-none-eabi-gcc "../Core/Src/main.c" -mcpu=cortex-m7 -std=gnu11 -g3 -DDEBUG -DCORE_CM7 -DUSE_HAL_DRIVER -DSTM32H747xx -c -I../Core/Inc -I../../Drivers/STM32H7xx_HAL_Driver/Inc -I../../Drivers/STM32H7xx_HAL_Driver/Inc/Legacy -I../../Drivers/CMSIS/Device/ST/STM32H7xx/Include -I../../Drivers/CMSIS/Include -O0 -ffunction-sections -fdata-sections -Wall -fstack-usage -fcyclomatic-complexity -MMD -MP -MF"Core/Src/main.d" -MT"Core/Src/main.o" --specs=nano.specs -mfpu=fpv5-d16 -mfloat-abi=hard -mthumb -o "Core/Src/main.o"
arm-none-eabi-gcc -o "SPI_002_Array_Transmit_Receive_CM7.elf" @"objects.list"   -mcpu=cortex-m7 -T"D:\STM32CUBEIDE\SPI_002_Array_Transmit_Receive\CM7\STM32H747XIHX_FLASH.ld" --specs=nosys.specs -Wl,-Map="SPI_002_Array_Transmit_Receive_CM7.map" -Wl,--gc-sections -static --specs=nano.specs -mfpu=fpv5-d16 -mfloat-abi=hard -mthumb -Wl,--start-group -lc -lm -Wl,--end-group
Finished building target: SPI_002_Array_Transmit_Receive_CM7.elf
 
arm-none-eabi-size  SPI_002_Array_Transmit_Receive_CM7.elf 
arm-none-eabi-objdump -h -S SPI_002_Array_Transmit_Receive_CM7.elf  > "SPI_002_Array_Transmit_Receive_CM7.list"
   text	   data	    bss	    dec	    hex	filename
  30384	    120	   2216	  32720	   7fd0	SPI_002_Array_Transmit_Receive_CM7.elf
Finished building: default.size.stdout
 
Finished building: SPI_002_Array_Transmit_Receive_CM7.list
 

15:27:43 Build Finished. 0 errors, 0 warnings. (took 2s.453ms)

