15:27:50 **** Incremental Build of configuration Debug for project SPI_002_Array_Receive_SLAVE ****
make -j12 all 
arm-none-eabi-gcc "../Core/Src/main.c" -mcpu=cortex-m4 -std=gnu11 -g3 -DDEBUG -DUSE_HAL_DRIVER -DSTM32G491xx -c -I../Core/Inc -I../Drivers/STM32G4xx_HAL_Driver/Inc -I../Drivers/STM32G4xx_HAL_Driver/Inc/Legacy -I../Drivers/CMSIS/Device/ST/STM32G4xx/Include -I../Drivers/CMSIS/Include -O0 -ffunction-sections -fdata-sections -Wall -fstack-usage -fcyclomatic-complexity -MMD -MP -MF"Core/Src/main.d" -MT"Core/Src/main.o" --specs=nano.specs -mfpu=fpv4-sp-d16 -mfloat-abi=hard -mthumb -o "Core/Src/main.o"
arm-none-eabi-gcc -o "SPI_002_Array_Receive_SLAVE.elf" @"objects.list"   -mcpu=cortex-m4 -T"D:\STM32CUBEIDE\SPI_002_Array_Receive_SLAVE\STM32G491RETX_FLASH.ld" --specs=nosys.specs -Wl,-Map="SPI_002_Array_Receive_SLAVE.map" -Wl,--gc-sections -static --specs=nano.specs -mfpu=fpv4-sp-d16 -mfloat-abi=hard -mthumb -Wl,--start-group -lc -lm -Wl,--end-group
Finished building target: SPI_002_Array_Receive_SLAVE.elf
 
arm-none-eabi-size  SPI_002_Array_Receive_SLAVE.elf 
arm-none-eabi-objdump -h -S SPI_002_Array_Receive_SLAVE.elf  > "SPI_002_Array_Receive_SLAVE.list"
   text	   data	    bss	    dec	    hex	filename
  19292	    116	   2180	  21588	   5454	SPI_002_Array_Receive_SLAVE.elf
Finished building: default.size.stdout
 
Finished building: SPI_002_Array_Receive_SLAVE.list
 

15:27:52 Build Finished. 0 errors, 0 warnings. (took 1s.905ms)

